
Gurobi 13.0.1 (linux64) logging started Thu May  7 17:02:55 2026

Set parameter LogFile to value "logs_sparse/100B_6F_robust_gamma_0d3_theta_0d05199999999999999_2026-05-07_17h01m57s.log"
Set parameter MIPGap to value 0.005
Set parameter OptimalityTol to value 0.005
Gurobi Optimizer version 13.0.1 build v13.0.1rc0 (linux64 - "Linux Mint 22")

CPU model: 12th Gen Intel(R) Core(TM) i7-12700, instruction set [SSE2|AVX|AVX2]
Thread count: 20 physical cores, 20 logical processors, using up to 20 threads

Non-default parameters:
TimeLimit  3600
SoftMemLimit  12
MIPGap  0.005
OptimalityTol  0.005

Optimize a model with 120301 rows, 3061121 columns and 9258486 nonzeros (Max)
Model fingerprint: 0x01dda806
Model has 2970111 linear objective coefficients
Variable types: 31121 continuous, 3030000 integer (3030000 binary)
Coefficient statistics:
  Matrix range     [3e-05, 1e+05]
  Objective range  [1e+00, 3e+03]
  Bounds range     [1e+00, 1e+05]
  RHS range        [1e+00, 1e+05]

Presolve removed 78617 rows and 2622635 columns
Presolve time: 1.62s
Presolved: 41684 rows, 438486 columns, 1406966 nonzeros
Variable types: 10841 continuous, 427645 integer (427645 binary)
Found heuristic solution: objective -4.57980e+08
Performing another presolve...
Presolve added 0 rows and 10 columns
Presolve removed 20 rows and 0 columns
Presolve time: 2.11s
Deterministic concurrent LP optimizer: primal simplex, dual simplex, and barrier
Showing barrier log only...

Root barrier log...

Ordering time: 1.12s

Barrier statistics:
 AA' NZ     : 7.117e+05
 Factor NZ  : 5.951e+06 (roughly 240 MB of memory)
 Factor Ops : 1.649e+09 (less than 1 second per iteration)
 Threads    : 18

                  Objective                Residual
Iter       Primal          Dual         Primal    Dual     Compl     Time
   0  -2.42781267e+12  1.78614300e+09  4.66e+07 1.02e+03  1.63e+07     7s
   1  -3.05468264e+11  4.01090249e+09  5.88e+06 1.02e+03  2.10e+06     7s
   2  -5.11493235e+09  2.93054851e+09  1.04e+05 1.27e+01  3.99e+04     7s
   3  -1.28654915e+08  2.25174582e+09  8.76e+03 3.62e-01  5.04e+03     7s
   4   2.98527942e+08  1.39126642e+09  5.55e+02 7.65e-02  1.34e+03     7s
   5   3.27515903e+08  5.51728158e+08  1.13e+02 7.78e-02  2.70e+02     8s
   6   3.35158868e+08  4.19337126e+08  3.42e+01 4.51e-02  9.94e+01     8s
   7   3.36981556e+08  3.78478813e+08  1.79e+01 1.79e-02  4.90e+01     8s
   8   3.38093086e+08  3.54961831e+08  8.74e+00 3.82e-03  2.01e+01     8s
   9   3.38801994e+08  3.49013712e+08  3.14e+00 2.17e-03  1.18e+01     8s
  10   3.39031190e+08  3.41923705e+08  1.60e+00 1.97e-04  3.32e+00     8s
  11   3.39252159e+08  3.40958135e+08  4.21e-01 9.88e-05  1.91e+00     8s
  12   3.39353141e+08  3.40214581e+08  1.67e-01 3.74e-05  9.62e-01     8s
  13   3.39442712e+08  3.39795189e+08  2.64e-02 8.18e-06  3.93e-01     8s
  14   3.39467515e+08  3.39652755e+08  9.77e-03 2.43e-06  2.06e-01     8s
  15   3.39481644e+08  3.39575306e+08  2.65e-03 6.03e-07  1.04e-01     8s
  16   3.39484689e+08  3.39541140e+08  1.55e-03 5.99e-08  6.29e-02     9s
  17   3.39487099e+08  3.39527357e+08  6.83e-04 1.09e-10  4.49e-02     9s
  18   3.39487864e+08  3.39517158e+08  4.88e-04 1.04e-10  3.26e-02     9s
  19   3.39488809e+08  3.39509005e+08  2.76e-04 9.30e-11  2.25e-02     9s
  20   3.39489173e+08  3.39501313e+08  2.17e-04 7.33e-11  1.35e-02     9s
  21   3.39489852e+08  3.39499214e+08  1.35e-04 8.81e-11  1.04e-02     9s
  22   3.39490163e+08  3.39496424e+08  9.53e-05 9.53e-11  6.97e-03     9s
  23   3.39490388e+08  3.39495554e+08  6.89e-05 9.54e-11  5.76e-03     9s
  24   3.39490583e+08  3.39494111e+08  4.39e-05 1.03e-10  3.93e-03     9s
  25   3.39490714e+08  3.39493302e+08  2.83e-05 9.09e-11  2.88e-03    10s
  26   3.39490871e+08  3.39492667e+08  1.30e-05 9.41e-11  2.00e-03    10s
  27   3.39490891e+08  3.39492230e+08  1.11e-05 1.02e-10  1.49e-03    10s
  28   3.39490934e+08  3.39491891e+08  6.71e-06 1.07e-10  1.07e-03    10s
  29   3.39490961e+08  3.39491727e+08  4.83e-06 1.13e-10  8.53e-04    10s
  30   3.39490973e+08  3.39491501e+08  3.64e-06 1.10e-10  5.88e-04    10s
  31   3.39490995e+08  3.39491447e+08  2.23e-06 1.23e-10  5.03e-04    10s
  32   3.39491004e+08  3.39491353e+08  1.58e-06 1.09e-10  3.89e-04    10s
  33   3.39491010e+08  3.39491256e+08  9.89e-07 1.13e-10  2.74e-04    11s
  34   3.39491016e+08  3.39491209e+08  6.86e-07 9.78e-11  2.15e-04    11s
  35   3.39491020e+08  3.39491163e+08  5.16e-07 1.05e-10  1.59e-04    11s
  36   3.39491025e+08  3.39491101e+08  2.62e-07 8.80e-11  8.47e-05    11s
  37   3.39491029e+08  3.39491068e+08  1.73e-07 9.07e-11  4.32e-05    11s
  38   3.39491031e+08  3.39491046e+08  1.04e-07 6.91e-11  1.69e-05    11s
  39   3.39491032e+08  3.39491042e+08  5.91e-08 8.14e-11  1.06e-05    11s
  40   3.39491032e+08  3.39491041e+08  4.56e-08 1.03e-10  9.91e-06    12s
  41   3.39491033e+08  3.39491038e+08  1.42e-08 8.99e-11  5.49e-06    12s
  42   3.39491033e+08  3.39491036e+08  7.16e-09 6.91e-11  2.79e-06    12s

Barrier solved model in 42 iterations and 11.75 seconds (15.02 work units)
Optimal objective 3.39491033e+08


Root crossover log...

   13678 DPushes remaining with DInf 0.0000000e+00                12s
       0 DPushes remaining with DInf 0.0000000e+00                12s

    9852 PPushes remaining with PInf 2.6102685e-01                12s
       0 PPushes remaining with PInf 0.0000000e+00                12s

  Push phase complete: Pinf 0.0000000e+00, Dinf 2.4790871e+05     12s


Root simplex log...

Iteration    Objective       Primal Inf.    Dual Inf.      Time
   23091    3.3949103e+08   0.000000e+00   2.479082e+05     12s
   27287    3.3949103e+08   0.000000e+00   0.000000e+00     14s
Crossover time: 1.79 seconds (1.91 work units)
Concurrent spin time: 0.00s

Solved with barrier

Root relaxation: objective 3.394910e+08, 27287 iterations, 8.54 seconds (9.44 work units)
Total elapsed time = 13.56s (DegenMoves)

    Nodes    |    Current Node    |     Objective Bounds      |     Work
 Expl Unexpl |  Obj  Depth IntInf | Incumbent    BestBd   Gap | It/Node Time

     0     0 3.3949e+08    0 8064 -4.580e+08 3.3949e+08   174%     -   14s
H    0     0                    1.502537e+08 3.3949e+08   126%     -   15s
H    0     0                    2.375286e+08 3.3949e+08  42.9%     -   15s
H    0     0                    2.537564e+08 3.3949e+08  33.8%     -   16s
H    0     0                    2.731639e+08 3.3949e+08  24.3%     -   22s
H    0     0                    2.733244e+08 3.3949e+08  24.2%     -   25s
     0     0 3.3949e+08    0 8549 2.7332e+08 3.3949e+08  24.2%     -  693s
H    0     0                    2.737309e+08 3.3949e+08  24.0%     -  708s
H    0     0                    2.740184e+08 3.3949e+08  23.9%     -  718s
H    0     0                    2.758309e+08 3.3949e+08  23.1%     -  770s
H    0     0                    2.759809e+08 3.3949e+08  23.0%     -  777s
H    0     0                    2.764049e+08 3.3949e+08  22.8%     -  863s
H    0     0                    2.767728e+08 3.3949e+08  22.7%     -  924s
H    0     0                    2.771612e+08 3.3949e+08  22.5%     -  924s
H    0     0                    2.779985e+08 3.3949e+08  22.1%     -  958s
H    0     0                    2.780033e+08 3.3949e+08  22.1%     - 1196s
H    0     0                    2.783285e+08 3.3949e+08  22.0%     - 1371s
H    0     0                    2.784211e+08 3.3949e+08  21.9%     - 1424s
H    0     0                    2.784211e+08 3.3949e+08  21.9%     - 1649s
     0     0 3.3949e+08    0 8209 2.7842e+08 3.3949e+08  21.9%     - 1747s
     0     0 3.3949e+08    0 9428 2.7842e+08 3.3949e+08  21.9%     - 2682s
H    0     0                    2.846950e+08 3.3949e+08  19.2%     - 2692s
H    0     0                    2.862356e+08 3.3949e+08  18.6%     - 2705s
H    0     0                    2.942876e+08 3.3949e+08  15.4%     - 2769s
H    0     0                    2.959874e+08 3.3949e+08  14.7%     - 2863s
H    0     0                    2.961950e+08 3.3949e+08  14.6%     - 3543s
H    0     0                    2.963826e+08 3.3949e+08  14.5%     - 3563s

Cutting planes:
  MIR: 1
  Flow cover: 24
  RLT: 3056

Explored 1 nodes (776611 simplex iterations) in 3600.11 seconds (5955.14 work units)
Thread count was 20 (of 20 available processors)

Solution count 10: 2.96383e+08 2.96195e+08 2.95987e+08 ... 2.78003e+08

Time limit reached
Best objective 2.963825996492e+08, best bound 3.394901732716e+08, gap 14.5446%
