
Gurobi 13.0.1 (linux64) logging started Thu May  7 06:54:00 2026

Set parameter LogFile to value "logs_sparse/50B_3F_robust_gamma_0d3_theta_0d05199999999999999_2026-05-07_06h53m54s.log"
Set parameter MIPGap to value 0.005
Set parameter OptimalityTol to value 0.005
Gurobi Optimizer version 13.0.1 build v13.0.1rc0 (linux64 - "Linux Mint 22")

CPU model: 12th Gen Intel(R) Core(TM) i7-12700, instruction set [SSE2|AVX|AVX2]
Thread count: 20 physical cores, 20 logical processors, using up to 20 threads

Non-default parameters:
TimeLimit  3600
SoftMemLimit  12
MIPGap  0.005
OptimalityTol  0.005

Optimize a model with 30471 rows, 390571 columns and 1204034 nonzeros (Max)
Model fingerprint: 0x1c525b05
Model has 367561 linear objective coefficients
Variable types: 8071 continuous, 382500 integer (382500 binary)
Coefficient statistics:
  Matrix range     [3e-05, 1e+05]
  Objective range  [1e+00, 3e+03]
  Bounds range     [1e+00, 1e+05]
  RHS range        [8e-03, 1e+05]

Presolve removed 15658 rows and 282196 columns
Presolve time: 0.66s
Presolved: 14813 rows, 108375 columns, 345908 nonzeros
Variable types: 3921 continuous, 104454 integer (104454 binary)
Found heuristic solution: objective -3.92155e+08
Deterministic concurrent LP optimizer: primal and dual simplex
Showing primal log only...

Concurrent spin time: 0.27s (can be avoided by choosing Method=3)

Solved with dual simplex

Root relaxation: objective 1.012532e+08, 11172 iterations, 1.82 seconds (2.99 work units)

    Nodes    |    Current Node    |     Objective Bounds      |     Work
 Expl Unexpl |  Obj  Depth IntInf | Incumbent    BestBd   Gap | It/Node Time

     0     0 1.0125e+08    0 4083 -3.922e+08 1.0125e+08   126%     -    3s
H    0     0                    -2.25040e+08 1.0125e+08   145%     -    3s
H    0     0                    -1.43625e+08 1.0125e+08   170%     -    3s
H    0     0                    -9.33505e+07 1.0125e+08   208%     -    4s
H    0     0                    -7.89844e+07 1.0125e+08   228%     -    4s
H    0     0                    -6.96143e+07 1.0125e+08   245%     -    4s
H    0     0                    -4.17862e+07 1.0125e+08   342%     -    7s
H    0     0                    6012596.3362 1.0125e+08  1584%     -    8s
H    0     0                    1.342988e+07 1.0125e+08   654%     -    8s
H    0     0                    1.479198e+07 1.0125e+08   585%     -   10s
H    0     0                    1.667374e+07 1.0125e+08   507%     -   10s
H    0     0                    2.122639e+07 1.0125e+08   377%     -   10s
H    0     0                    4.820878e+07 1.0125e+08   110%     -   11s
H    0     0                    5.334287e+07 1.0125e+08  89.8%     -   11s
H    0     0                    5.440892e+07 1.0125e+08  86.1%     -   11s
H    0     0                    5.485013e+07 1.0125e+08  84.6%     -   11s
     0     0 1.0125e+08    0 3924 5.4850e+07 1.0125e+08  84.6%     -   21s
H    0     0                    5.502352e+07 1.0125e+08  84.0%     -   27s
     0     0 1.0125e+08    0 3857 5.5024e+07 1.0125e+08  84.0%     -   45s
H    0     0                    6.169204e+07 1.0125e+08  64.1%     -   62s
H    0     0                    6.232828e+07 1.0125e+08  62.4%     -   62s
H    0     0                    7.349827e+07 1.0125e+08  37.8%     -   62s
     0     0 1.0125e+08    0 4759 7.3498e+07 1.0125e+08  37.8%     -   64s
     0     0 1.0125e+08    0 4629 7.3498e+07 1.0125e+08  37.8%     -   66s
     0     0 1.0125e+08    0 4486 7.3498e+07 1.0125e+08  37.8%     -   67s
H    0     0                    7.511705e+07 1.0125e+08  34.8%     -   78s
     0     0 1.0125e+08    0 4832 7.5117e+07 1.0125e+08  34.8%     -   78s
     0     0 1.0125e+08    0 4742 7.5117e+07 1.0125e+08  34.8%     -   81s
H    0     0                    7.724132e+07 1.0125e+08  31.1%     -   93s
H    0     0                    7.757348e+07 1.0125e+08  30.5%     -   93s
     0     0 1.0125e+08    0 4274 7.7573e+07 1.0125e+08  30.5%     -   93s
H    0     0                    8.079196e+07 1.0125e+08  25.3%     -   95s
H    0     0                    8.212721e+07 1.0125e+08  23.3%     -  105s
H    0     0                    8.226170e+07 1.0125e+08  23.1%     -  107s
H    0     0                    8.231364e+07 1.0125e+08  23.0%     -  107s
H    0     0                    8.317190e+07 1.0125e+08  21.7%     -  107s
H    0     0                    8.358662e+07 1.0125e+08  21.1%     -  108s
H    0     0                    8.378671e+07 1.0125e+08  20.8%     -  108s
H    0     0                    8.436157e+07 1.0125e+08  20.0%     -  109s
H    0     0                    8.436232e+07 1.0125e+08  20.0%     -  109s
H    0     0                    8.438593e+07 1.0125e+08  20.0%     -  109s
H    0     0                    8.452286e+07 1.0125e+08  19.8%     -  109s
H    0     0                    8.452403e+07 1.0125e+08  19.8%     -  110s
H    0     0                    8.462840e+07 1.0125e+08  19.6%     -  110s
H    0     0                    8.476657e+07 1.0125e+08  19.4%     -  110s
H    0     0                    8.487244e+07 1.0125e+08  19.3%     -  110s
H    0     0                    8.487803e+07 1.0125e+08  19.3%     -  110s
H    0     0                    8.491635e+07 1.0125e+08  19.2%     -  110s
H    0     0                    8.494754e+07 1.0125e+08  19.2%     -  111s
H    0     0                    8.496936e+07 1.0125e+08  19.2%     -  112s
H    0     0                    8.516817e+07 1.0125e+08  18.9%     -  112s
H    0     0                    8.524534e+07 1.0125e+08  18.8%     -  113s
H    0     0                    8.526389e+07 1.0125e+08  18.8%     -  114s
H    0     0                    8.527287e+07 1.0125e+08  18.7%     -  115s
H    0     0                    8.531421e+07 1.0125e+08  18.7%     -  115s
     0     0 1.0125e+08    0 4860 8.5314e+07 1.0125e+08  18.7%     -  121s
     0     0 1.0125e+08    0 4584 8.5314e+07 1.0125e+08  18.7%     -  130s
     0     0 1.0125e+08    0 4695 8.5314e+07 1.0125e+08  18.7%     -  135s
     0     0 1.0125e+08    0 4734 8.5314e+07 1.0125e+08  18.7%     -  142s
     0     0 1.0125e+08    0 4734 8.5314e+07 1.0125e+08  18.7%     -  142s
     0     0 1.0125e+08    0 4515 8.5314e+07 1.0125e+08  18.7%     -  143s
     0     2 1.0125e+08    0 4515 8.5314e+07 1.0125e+08  18.7%     -  178s
     1     4 1.0125e+08    1 4453 8.5314e+07 1.0125e+08  18.7%  2577  192s
     3     7 1.0125e+08    2 4545 8.5314e+07 1.0125e+08  18.7% 13023  214s
     6    12 1.0125e+08    3 4813 8.5314e+07 1.0125e+08  18.7% 19476  245s
    11    17  postponed    4      8.5314e+07 1.0125e+08  18.7% 133983 1670s
    16    28 1.0125e+08    4 2979 8.5314e+07 1.0125e+08  18.7% 407384 1850s
H   17    28                    8.535242e+07 1.0125e+08  18.6% 383420 1850s
    27    48 1.0125e+08    5 3553 8.5352e+07 1.0125e+08  18.6% 269266 2021s
H   29    48                    8.535340e+07 1.0125e+08  18.6% 251267 2021s
H   31    48                    8.536818e+07 1.0125e+08  18.6% 235400 2021s
H   36    48                    8.557774e+07 1.0125e+08  18.3% 204083 2021s
    47    68 1.0125e+08    6 3515 8.5578e+07 1.0125e+08  18.3% 158816 2314s
H   67   137                    8.750956e+07 1.0125e+08  15.7% 113656 2847s
H   69   137                    8.781627e+07 1.0125e+08  15.3% 110460 2847s
H   81   137                    8.825282e+07 1.0125e+08  14.7% 94712 2847s
H  136   737                    8.847932e+07 1.0125e+08  14.4% 58369 3402s
H  166   737                    8.892002e+07 1.0125e+08  13.9% 49498 3402s
H  196   737                    8.973146e+07 1.0125e+08  12.8% 42758 3402s
H  436   737                    9.012191e+07 1.0125e+08  12.4% 22334 3402s
H  466   737                    9.039718e+07 1.0125e+08  12.0% 21262 3402s
H  736   827                    9.085533e+07 1.0125e+08  11.4% 15658 3600s
H  751   827                    9.113555e+07 1.0125e+08  11.1% 15438 3600s
H  782   827                    9.118466e+07 1.0125e+08  11.0% 15065 3600s
H  787   827                    9.159659e+07 1.0125e+08  10.5% 15007 3600s

Cutting planes:
  Gomory: 1
  MIR: 28
  Flow cover: 189
  RLT: 1890
  Relax-and-lift: 66

Explored 826 nodes (12123097 simplex iterations) in 3600.18 seconds (4127.19 work units)
Thread count was 20 (of 20 available processors)

Solution count 10: 9.15966e+07 9.11847e+07 9.11355e+07 ... 8.82528e+07

Time limit reached
Best objective 9.159658579327e+07, best bound 1.012520819522e+08, gap 10.5413%
