
Gurobi 13.0.1 (linux64) logging started Thu May  7 09:55:18 2026

Set parameter LogFile to value "logs_sparse/50B_6F_robust_gamma_0d35_theta_0d05199999999999999_2026-05-07_09h55m05s.log"
Set parameter MIPGap to value 0.005
Set parameter OptimalityTol to value 0.005
Gurobi Optimizer version 13.0.1 build v13.0.1rc0 (linux64 - "Linux Mint 22")

CPU model: 12th Gen Intel(R) Core(TM) i7-12700, instruction set [SSE2|AVX|AVX2]
Thread count: 20 physical cores, 20 logical processors, using up to 20 threads

Non-default parameters:
TimeLimit  3600
SoftMemLimit  12
MIPGap  0.005
OptimalityTol  0.005

Optimize a model with 60351 rows, 780571 columns and 2406497 nonzeros (Max)
Model fingerprint: 0x683de5fa
Model has 735061 linear objective coefficients
Variable types: 15571 continuous, 765000 integer (765000 binary)
Coefficient statistics:
  Matrix range     [3e-05, 1e+05]
  Objective range  [1e+00, 3e+03]
  Bounds range     [1e+00, 1e+05]
  RHS range        [8e-03, 1e+05]

Presolve removed 31036 rows and 564142 columns
Presolve time: 1.38s
Presolved: 29315 rows, 216429 columns, 690965 nonzeros
Variable types: 7521 continuous, 208908 integer (208908 binary)
Found heuristic solution: objective -3.92159e+08
Found heuristic solution: objective -3.89456e+08
Deterministic concurrent LP optimizer: primal simplex, dual simplex, and barrier
Showing barrier log only...

Root barrier log...

Ordering time: 0.41s

Barrier statistics:
 AA' NZ     : 4.006e+05
 Factor NZ  : 3.152e+06 (roughly 120 MB of memory)
 Factor Ops : 6.047e+08 (less than 1 second per iteration)
 Threads    : 18

                  Objective                Residual
Iter       Primal          Dual         Primal    Dual     Compl     Time
   0  -7.11087387e+11  1.05052639e+09  9.82e+06 5.12e+02  9.67e+06     3s
   1  -6.29708899e+10  1.82178983e+09  8.72e+05 3.50e+02  8.74e+05     3s
   2  -2.44099901e+09  1.43184359e+09  3.38e+04 8.40e+01  3.72e+04     3s
   3  -2.52572393e+08  9.99822989e+08  4.67e+03 1.16e+01  6.38e+03     3s
   4   4.99401738e+07  4.50179284e+08  6.26e+02 1.73e+00  1.26e+03     3s
   5   7.53684023e+07  2.12685505e+08  2.83e+02 4.91e-01  4.41e+02     3s
   6   8.53448259e+07  1.44666437e+08  1.50e+02 1.87e-01  1.98e+02     3s
   7   8.99362411e+07  1.23520196e+08  9.01e+01 9.91e-02  1.13e+02     3s
   8   9.43227776e+07  1.09958735e+08  3.37e+01 7.40e-02  4.86e+01     3s
   9   9.64198199e+07  1.02928155e+08  6.92e+00 1.74e-02  1.70e+01     3s
  10   9.67506874e+07  9.94232125e+07  3.11e+00 6.13e-03  6.59e+00     3s
  11   9.69613407e+07  9.80978871e+07  1.06e+00 2.31e-03  2.63e+00     3s
  12   9.70661305e+07  9.77102556e+07  4.81e-01 1.29e-03  1.46e+00     3s
  13   9.72046971e+07  9.74301499e+07  6.21e-02 4.70e-04  5.06e-01     3s
  14   9.72316830e+07  9.73308720e+07  2.06e-02 1.99e-04  2.22e-01     3s
  15   9.72435356e+07  9.72828649e+07  6.69e-03 7.71e-05  8.81e-02     3s
  16   9.72472178e+07  9.72721762e+07  3.36e-03 5.02e-05  5.59e-02     3s
  17   9.72490478e+07  9.72655624e+07  1.96e-03 3.33e-05  3.70e-02     3s
  18   9.72498031e+07  9.72627809e+07  1.45e-03 2.62e-05  2.91e-02     3s
  19   9.72511356e+07  9.72596880e+07  6.02e-04 1.86e-05  1.92e-02     3s
  20   9.72514420e+07  9.72573927e+07  4.03e-04 1.28e-05  1.33e-02     4s
  21   9.72517486e+07  9.72560125e+07  2.36e-04 9.30e-06  9.55e-03     4s
  22   9.72518590e+07  9.72551841e+07  1.72e-04 7.26e-06  7.45e-03     4s
  23   9.72519970e+07  9.72543224e+07  8.29e-05 5.14e-06  5.21e-03     4s
  24   9.72520636e+07  9.72536384e+07  2.41e-05 3.47e-06  3.53e-03     4s
  25   9.72520929e+07  9.72530439e+07  1.27e-05 2.11e-06  2.13e-03     4s
  26   9.72520944e+07  9.72528033e+07  1.21e-05 1.53e-06  1.59e-03     4s
  27   9.72521024e+07  9.72524641e+07  7.46e-06 7.32e-07  8.10e-04     4s
  28   9.72521132e+07  9.72523441e+07  4.61e-06 4.60e-07  5.17e-04     4s
  29   9.72521186e+07  9.72522817e+07  2.90e-06 3.19e-07  3.65e-04     4s
  30   9.72521270e+07  9.72522450e+07  9.68e-07 2.44e-07  2.64e-04     4s
  31   9.72521288e+07  9.72522365e+07  6.10e-07 2.24e-07  2.41e-04     4s
  32   9.72521304e+07  9.72521898e+07  2.17e-07 1.20e-07  1.33e-04     4s
  33   9.72521310e+07  9.72521575e+07  1.36e-07 4.96e-08  5.92e-05     4s
  34   9.72521326e+07  9.72521374e+07  4.47e-08 6.07e-09  1.08e-05     4s
  35   9.72521336e+07  9.72521355e+07  1.24e-08 2.47e-09  4.29e-06     4s
  36   9.72521339e+07  9.72521342e+07  1.02e-08 1.73e-10  4.70e-07     4s
  37   9.72521340e+07  9.72521340e+07  1.12e-07 6.74e-11  1.11e-08     4s
  38   9.72521340e+07  9.72521340e+07  3.05e-09 7.78e-11  1.15e-11     4s

Barrier solved model in 38 iterations and 4.43 seconds (5.96 work units)
Optimal objective 9.72521340e+07


Root simplex log...

Iteration    Objective       Primal Inf.    Dual Inf.      Time
   15379    9.7252134e+07   0.000000e+00   8.901598e+04      5s
   17773    9.7252134e+07   0.000000e+00   0.000000e+00      6s
Crossover time: 1.22 seconds (1.42 work units)
Concurrent spin time: 0.55s (can be avoided by choosing Method=3)

Solved with barrier

Root relaxation: objective 9.725213e+07, 17773 iterations, 4.39 seconds (4.42 work units)

    Nodes    |    Current Node    |     Objective Bounds      |     Work
 Expl Unexpl |  Obj  Depth IntInf | Incumbent    BestBd   Gap | It/Node Time

     0     0 9.7252e+07    0 4426 -3.895e+08 9.7252e+07   125%     -    7s
H    0     0                    -2.41003e+08 9.7252e+07   140%     -    9s
H    0     0                    -1.80797e+08 9.7252e+07   154%     -    9s
H    0     0                    -1.46530e+08 9.7252e+07   166%     -   14s
H    0     0                    -7.71216e+07 9.7252e+07   226%     -   14s
H    0     0                    -5.33411e+07 9.7252e+07   282%     -   16s
H    0     0                    -3.29600e+07 9.7252e+07   395%     -   17s
H    0     0                    -1.18739e+07 9.7252e+07   919%     -   18s
H    0     0                    4.054599e+07 9.7252e+07   140%     -   19s
H    0     0                    5.815756e+07 9.7252e+07  67.2%     -   22s
H    0     0                    6.020802e+07 9.7252e+07  61.5%     -   22s
H    0     0                    6.086730e+07 9.7252e+07  59.8%     -   23s
     0     0 9.7252e+07    0 6008 6.0867e+07 9.7252e+07  59.8%     -   59s
H    0     0                    6.155800e+07 9.7252e+07  58.0%     -   61s
H    0     0                    6.338334e+07 9.7252e+07  53.4%     -   62s
H    0     0                    6.338351e+07 9.7252e+07  53.4%     -   66s
H    0     0                    6.361135e+07 9.7252e+07  52.9%     -   66s
H    0     0                    6.370790e+07 9.7252e+07  52.7%     -   66s
H    0     0                    6.376153e+07 9.7252e+07  52.5%     -   66s
H    0     0                    6.376249e+07 9.7252e+07  52.5%     -   68s
H    0     0                    6.404488e+07 9.7252e+07  51.8%     -   68s
H    0     0                    6.410567e+07 9.7252e+07  51.7%     -   68s
H    0     0                    6.412629e+07 9.7252e+07  51.7%     -   73s
H    0     0                    6.445111e+07 9.7252e+07  50.9%     -   73s
H    0     0                    6.445348e+07 9.7252e+07  50.9%     -   80s
H    0     0                    6.538049e+07 9.7252e+07  48.7%     -   80s
     0     0 9.7252e+07    0 5588 6.5380e+07 9.7252e+07  48.7%     -  109s
     0     0 9.7252e+07    0 5523 6.5380e+07 9.7252e+07  48.7%     -  131s
     0     0 9.7252e+07    0 5940 6.5380e+07 9.7252e+07  48.7%     -  155s
     0     0 9.7252e+07    0 5847 6.5380e+07 9.7252e+07  48.7%     -  162s
     0     0 9.7251e+07    0 6951 6.5380e+07 9.7251e+07  48.7%     -  197s
     0     0 9.7251e+07    0 6951 6.5380e+07 9.7251e+07  48.7%     -  199s
     0     0 9.7251e+07    0 5894 6.5380e+07 9.7251e+07  48.7%     -  200s
H    0     0                    6.541268e+07 9.7251e+07  48.7%     -  224s
H    0     0                    6.555780e+07 9.7251e+07  48.3%     -  224s
H    0     0                    6.636597e+07 9.7251e+07  46.5%     -  227s
H    0     0                    6.680482e+07 9.7251e+07  45.6%     -  242s
H    0     0                    6.689434e+07 9.7251e+07  45.4%     -  242s
H    0     0                    6.788972e+07 9.7251e+07  43.2%     -  242s
H    0     0                    6.800610e+07 9.7251e+07  43.0%     -  250s
H    0     0                    6.815322e+07 9.7251e+07  42.7%     -  250s
H    0     0                    6.830546e+07 9.7251e+07  42.4%     -  250s
H    0     0                    6.844452e+07 9.7251e+07  42.1%     -  254s
H    0     0                    6.858797e+07 9.7251e+07  41.8%     -  266s
H    0     0                    6.858947e+07 9.7251e+07  41.8%     -  278s
H    0     0                    6.893508e+07 9.7251e+07  41.1%     -  278s
H    0     0                    6.912231e+07 9.7251e+07  40.7%     -  278s
H    0     0                    6.985927e+07 9.7251e+07  39.2%     -  278s
H    0     0                    7.065462e+07 9.7251e+07  37.6%     -  279s
H    0     0                    7.110292e+07 9.7251e+07  36.8%     -  279s
H    0     0                    7.137953e+07 9.7251e+07  36.2%     -  279s
H    0     0                    7.203834e+07 9.7251e+07  35.0%     -  280s
H    0     0                    7.209692e+07 9.7251e+07  34.9%     -  280s
H    0     0                    7.244863e+07 9.7251e+07  34.2%     -  281s
H    0     0                    7.277282e+07 9.7251e+07  33.6%     -  281s
H    0     0                    7.610422e+07 9.7251e+07  27.8%     -  282s
H    0     0                    7.704355e+07 9.7251e+07  26.2%     -  282s
H    0     0                    8.010052e+07 9.7251e+07  21.4%     -  284s
H    0     0                    8.128298e+07 9.7251e+07  19.6%     -  288s
H    0     0                    8.608199e+07 9.7251e+07  13.0%     -  294s
H    0     0                    8.608209e+07 9.7251e+07  13.0%     -  305s
H    0     0                    8.653206e+07 9.7251e+07  12.4%     -  305s
H    0     0                    8.653233e+07 9.7251e+07  12.4%     -  306s
H    0     0                    8.669563e+07 9.7251e+07  12.2%     -  306s
H    0     0                    8.691784e+07 9.7251e+07  11.9%     -  306s
H    0     0                    8.696399e+07 9.7251e+07  11.8%     -  306s
H    0     0                    8.701700e+07 9.7251e+07  11.8%     -  307s
H    0     0                    8.726676e+07 9.7251e+07  11.4%     -  307s
H    0     0                    8.747154e+07 9.7251e+07  11.2%     -  309s
     0     2 9.7251e+07    0 5894 8.7472e+07 9.7251e+07  11.2%     -  316s
     1     4 9.7251e+07    1 5872 8.7472e+07 9.7251e+07  11.2%  4959  325s
     3     8 9.7251e+07    2 6356 8.7472e+07 9.7251e+07  11.2%  8841  335s
     7    16 9.7251e+07    3 6676 8.7472e+07 9.7251e+07  11.2%  9452  359s
H    8    16                    8.803693e+07 9.7251e+07  10.5%  8270  359s
H   10    16                    8.807712e+07 9.7251e+07  10.4%  7277  359s
    15    25 9.7246e+07    4 6195 8.8077e+07 9.7251e+07  10.4% 10059 3600s
H   16    25                    8.808116e+07 9.7251e+07  10.4%  9430 3600s

Cutting planes:
  MIR: 34
  Flow cover: 125
  RLT: 2883

Explored 24 nodes (843726 simplex iterations) in 3600.08 seconds (4863.51 work units)
Thread count was 20 (of 20 available processors)

Solution count 10: 8.80812e+07 8.80771e+07 8.80369e+07 ... 8.60821e+07

Time limit reached
Best objective 8.808116085859e+07, best bound 9.725129181268e+07, gap 10.4110%
