
Gurobi 13.0.1 (linux64) logging started Thu May  7 07:54:16 2026

Set parameter LogFile to value "logs_sparse/50B_3F_robust_gamma_0d35_theta_0d05199999999999999_2026-05-07_07h54m10s.log"
Set parameter MIPGap to value 0.005
Set parameter OptimalityTol to value 0.005
Gurobi Optimizer version 13.0.1 build v13.0.1rc0 (linux64 - "Linux Mint 22")

CPU model: 12th Gen Intel(R) Core(TM) i7-12700, instruction set [SSE2|AVX|AVX2]
Thread count: 20 physical cores, 20 logical processors, using up to 20 threads

Non-default parameters:
TimeLimit  3600
SoftMemLimit  12
MIPGap  0.005
OptimalityTol  0.005

Optimize a model with 30471 rows, 390571 columns and 1204034 nonzeros (Max)
Model fingerprint: 0xd73dd09c
Model has 367561 linear objective coefficients
Variable types: 8071 continuous, 382500 integer (382500 binary)
Coefficient statistics:
  Matrix range     [3e-05, 1e+05]
  Objective range  [1e+00, 3e+03]
  Bounds range     [1e+00, 1e+05]
  RHS range        [8e-03, 1e+05]

Presolve removed 15658 rows and 282196 columns
Presolve time: 0.63s
Presolved: 14813 rows, 108375 columns, 345908 nonzeros
Variable types: 3921 continuous, 104454 integer (104454 binary)
Found heuristic solution: objective -3.92155e+08
Deterministic concurrent LP optimizer: primal and dual simplex
Showing primal log only...

Concurrent spin time: 0.45s (can be avoided by choosing Method=3)

Solved with dual simplex

Root relaxation: objective 9.725281e+07, 11114 iterations, 2.10 seconds (3.27 work units)

    Nodes    |    Current Node    |     Objective Bounds      |     Work
 Expl Unexpl |  Obj  Depth IntInf | Incumbent    BestBd   Gap | It/Node Time

     0     0 9.7253e+07    0 4316 -3.922e+08 9.7253e+07   125%     -    3s
H    0     0                    -1.85411e+08 9.7253e+07   152%     -    3s
H    0     0                    -1.33530e+08 9.7253e+07   173%     -    3s
H    0     0                    -9.44251e+07 9.7253e+07   203%     -    4s
H    0     0                    -7.96784e+07 9.7253e+07   222%     -    4s
H    0     0                    -6.98114e+07 9.7253e+07   239%     -    6s
H    0     0                    -6.59197e+07 9.7253e+07   248%     -    6s
H    0     0                    -2.60798e+07 9.7253e+07   473%     -    7s
H    0     0                    -9910337.874 9.7253e+07  1081%     -    9s
H    0     0                    1.550946e+07 9.7253e+07   527%     -   10s
H    0     0                    2.270875e+07 9.7253e+07   328%     -   11s
H    0     0                    2.695177e+07 9.7253e+07   261%     -   13s
H    0     0                    4.264793e+07 9.7253e+07   128%     -   16s
H    0     0                    4.265370e+07 9.7253e+07   128%     -   16s
H    0     0                    4.495869e+07 9.7253e+07   116%     -   24s
H    0     0                    5.288355e+07 9.7253e+07  83.9%     -   24s
H    0     0                    5.713018e+07 9.7253e+07  70.2%     -   24s
H    0     0                    5.744578e+07 9.7253e+07  69.3%     -   25s
H    0     0                    5.751934e+07 9.7253e+07  69.1%     -   25s
H    0     0                    5.752124e+07 9.7253e+07  69.1%     -   25s
     0     0 9.7253e+07    0 4348 5.7521e+07 9.7253e+07  69.1%     -   26s
H    0     0                    5.752124e+07 9.7253e+07  69.1%     -   42s
H    0     0                    5.789879e+07 9.7253e+07  68.0%     -   50s
     0     0 9.7253e+07    0 4270 5.7899e+07 9.7253e+07  68.0%     -   51s
     0     0 9.7252e+07    0 5060 5.7899e+07 9.7252e+07  68.0%     -   61s
     0     0 9.7252e+07    0 4893 5.7899e+07 9.7252e+07  68.0%     -   64s
     0     0 9.7252e+07    0 4821 5.7899e+07 9.7252e+07  68.0%     -   65s
H    0     0                    6.803713e+07 9.7252e+07  42.9%     -   67s
H    0     0                    7.002531e+07 9.7252e+07  38.9%     -   67s
H    0     0                    7.177874e+07 9.7252e+07  35.5%     -   67s
H    0     0                    7.186323e+07 9.7252e+07  35.3%     -   79s
H    0     0                    7.234927e+07 9.7252e+07  34.4%     -   79s
H    0     0                    7.370144e+07 9.7252e+07  32.0%     -   79s
H    0     0                    7.374388e+07 9.7252e+07  31.9%     -   79s
     0     0 9.7252e+07    0 5275 7.3744e+07 9.7252e+07  31.9%     -   79s
     0     0 9.7252e+07    0 5071 7.3744e+07 9.7252e+07  31.9%     -   83s
H    0     0                    7.517318e+07 9.7252e+07  29.4%     -   99s
     0     0 9.7252e+07    0 5338 7.5173e+07 9.7252e+07  29.4%     -   99s
H    0     0                    7.535487e+07 9.7252e+07  29.1%     -  101s
H    0     0                    7.616777e+07 9.7252e+07  27.7%     -  103s
H    0     0                    7.854319e+07 9.7252e+07  23.8%     -  112s
H    0     0                    7.910989e+07 9.7252e+07  22.9%     -  124s
H    0     0                    7.969943e+07 9.7252e+07  22.0%     -  127s
H    0     0                    7.989565e+07 9.7252e+07  21.7%     -  138s
H    0     0                    7.990417e+07 9.7252e+07  21.7%     -  138s
H    0     0                    8.025013e+07 9.7252e+07  21.2%     -  139s
H    0     0                    8.069645e+07 9.7252e+07  20.5%     -  139s
H    0     0                    8.138337e+07 9.7252e+07  19.5%     -  141s
H    0     0                    8.183927e+07 9.7252e+07  18.8%     -  141s
H    0     0                    8.203914e+07 9.7252e+07  18.5%     -  141s
H    0     0                    8.212426e+07 9.7252e+07  18.4%     -  141s
H    0     0                    8.218522e+07 9.7252e+07  18.3%     -  143s
H    0     0                    8.227014e+07 9.7252e+07  18.2%     -  143s
H    0     0                    8.269643e+07 9.7252e+07  17.6%     -  150s
H    0     0                    8.270081e+07 9.7252e+07  17.6%     -  151s
H    0     0                    8.293583e+07 9.7252e+07  17.3%     -  151s
H    0     0                    8.300738e+07 9.7252e+07  17.2%     -  151s
H    0     0                    8.303270e+07 9.7252e+07  17.1%     -  152s
H    0     0                    8.303318e+07 9.7252e+07  17.1%     -  160s
H    0     0                    8.303372e+07 9.7252e+07  17.1%     -  160s
H    0     0                    8.303898e+07 9.7252e+07  17.1%     -  160s
H    0     0                    8.303946e+07 9.7252e+07  17.1%     -  164s
     0     0 9.7252e+07    0 5196 8.3039e+07 9.7252e+07  17.1%     -  178s
     0     0 9.7252e+07    0 5287 8.3039e+07 9.7252e+07  17.1%     -  188s
     0     0 9.7252e+07    0 5287 8.3039e+07 9.7252e+07  17.1%     -  189s
     0     0 9.7252e+07    0 5049 8.3039e+07 9.7252e+07  17.1%     -  189s
H    0     0                    8.304157e+07 9.7252e+07  17.1%     -  205s
     0     2 9.7252e+07    0 5049 8.3042e+07 9.7252e+07  17.1%     -  214s
     1     4 9.7252e+07    1 5253 8.3042e+07 9.7252e+07  17.1%  1735  221s
     3     8 9.7252e+07    2 5370 8.3042e+07 9.7252e+07  17.1%  7680  230s
     7    16 9.7252e+07    3 5495 8.3042e+07 9.7252e+07  17.1%  9882  262s
    15    24 9.7251e+07    4 3841 8.3042e+07 9.7252e+07  17.1% 40777  697s
H   23    42                    8.320158e+07 9.7252e+07  16.9% 95477  805s
H   25    42                    8.378160e+07 9.7252e+07  16.1% 93750  805s
H   32    42                    8.378713e+07 9.7252e+07  16.1% 83622  805s
    41    62 9.7251e+07    5 4122 8.3787e+07 9.7252e+07  16.1% 78886  883s
H   44    62                    8.397571e+07 9.7252e+07  15.8% 73706  883s
H   61    89                    8.448833e+07 9.7252e+07  15.1% 54708  963s
H   62    89                    8.569134e+07 9.7252e+07  13.5% 54120  963s
    88   118 9.7250e+07    7 3766 8.5691e+07 9.7252e+07  13.5% 40231 1125s
H  117   196                    8.611176e+07 9.7252e+07  12.9% 31986 1206s
H  137   196                    8.611182e+07 9.7252e+07  12.9% 28578 1206s
H  139   196                    8.611184e+07 9.7252e+07  12.9% 28366 1206s
   195   413 9.7250e+07   13 3776 8.6112e+07 9.7252e+07  12.9% 22135 1453s
H  309   413                    8.611216e+07 9.7252e+07  12.9% 16721 1453s
   412   433 9.7249e+07   24 3729 8.6112e+07 9.7252e+07  12.9% 14596 1690s
H  414   433                    8.617240e+07 9.7252e+07  12.9% 14546 1690s
H  432   726                    8.641761e+07 9.7252e+07  12.5% 14191 2063s
H  470   726                    8.647330e+07 9.7252e+07  12.5% 13296 2063s
H  489   726                    8.652104e+07 9.7252e+07  12.4% 12965 2063s
H  533   726                    8.674253e+07 9.7252e+07  12.1% 12332 2063s
H  656   726                    8.700953e+07 9.7252e+07  11.8% 11177 2063s
   725  1737 9.7243e+07   63 2826 8.7010e+07 9.7252e+07  11.8% 10885 2940s
H 1736  2834                    8.708458e+07 9.7252e+07  11.7%  8257 3600s
H 1975  2834                    8.717545e+07 9.7252e+07  11.6%  7355 3600s
H 1976  2834                    8.719149e+07 9.7252e+07  11.5%  7351 3600s
H 2182  2834                    8.719856e+07 9.7252e+07  11.5%  7071 3600s

Cutting planes:
  Gomory: 1
  Implied bound: 6
  MIR: 49
  Flow cover: 208
  Mod-K: 1
  RLT: 2125
  Relax-and-lift: 44

Explored 2834 nodes (18942565 simplex iterations) in 3600.11 seconds (3171.91 work units)
Thread count was 20 (of 20 available processors)

Solution count 10: 8.71986e+07 8.71915e+07 8.71755e+07 ... 8.61724e+07

Time limit reached
Best objective 8.719856368769e+07, best bound 9.725181120406e+07, gap 11.5291%
