
Gurobi 13.0.1 (linux64) logging started Wed May 13 09:19:41 2026

Set parameter LogFile to value "logs_sparse_corrected/100B_6F_robust_gamma_0d35_theta_0d052_2026-05-13_09h18m43s.log"
Set parameter MIPGap to value 0.005
Set parameter OptimalityTol to value 0.005
Gurobi Optimizer version 13.0.1 build v13.0.1rc0 (linux64 - "Linux Mint 22")

CPU model: 12th Gen Intel(R) Core(TM) i7-12700, instruction set [SSE2|AVX|AVX2]
Thread count: 20 physical cores, 20 logical processors, using up to 20 threads

Non-default parameters:
TimeLimit  3600
SoftMemLimit  12
MIPGap  0.005
OptimalityTol  0.005

Optimize a model with 120301 rows, 3061121 columns and 9258486 nonzeros (Max)
Model fingerprint: 0xac017860
Model has 2970111 linear objective coefficients
Variable types: 31121 continuous, 3030000 integer (3030000 binary)
Coefficient statistics:
  Matrix range     [3e-05, 1e+05]
  Objective range  [1e+00, 3e+03]
  Bounds range     [1e+00, 1e+05]
  RHS range        [1e+00, 1e+05]

Presolve removed 78617 rows and 2622635 columns
Presolve time: 1.58s
Presolved: 41684 rows, 438486 columns, 1406966 nonzeros
Variable types: 10841 continuous, 427645 integer (427645 binary)
Found heuristic solution: objective -4.57980e+08
Performing another presolve...
Presolve added 0 rows and 10 columns
Presolve removed 20 rows and 0 columns
Presolve time: 2.05s
Deterministic concurrent LP optimizer: primal simplex, dual simplex, and barrier
Showing barrier log only...

Root barrier log...

Ordering time: 0.92s

Barrier statistics:
 AA' NZ     : 7.117e+05
 Factor NZ  : 5.951e+06 (roughly 240 MB of memory)
 Factor Ops : 1.649e+09 (less than 1 second per iteration)
 Threads    : 18

                  Objective                Residual
Iter       Primal          Dual         Primal    Dual     Compl     Time
   0  -2.42757763e+12  1.78613974e+09  4.66e+07 1.02e+03  1.63e+07     6s
   1  -3.05448899e+11  4.30875713e+09  5.88e+06 7.00e+02  2.10e+06     7s
   2  -8.47559845e+09  2.93644892e+09  1.67e+05 4.31e-11  6.27e+04     7s
   3  -3.36213711e+08  2.54811557e+09  9.33e+03 3.46e-11  5.89e+03     7s
   4   2.38647120e+08  1.05873939e+09  2.98e+02 3.75e-11  9.76e+02     7s
   5   2.91869468e+08  5.36934915e+08  1.31e+02 3.27e-03  2.97e+02     7s
   6   3.22131317e+08  3.77168304e+08  2.94e+01 3.22e-10  6.65e+01     7s
   7   3.25170298e+08  3.48669920e+08  1.86e+01 2.58e-10  2.91e+01     7s
   8   3.27761145e+08  3.39016732e+08  9.37e+00 1.83e-10  1.38e+01     7s
   9   3.29885276e+08  3.33928010e+08  1.59e+00 7.37e-10  4.63e+00     7s
  10   3.30258913e+08  3.32239041e+08  5.83e-01 5.52e-10  2.23e+00     7s
  11   3.30511412e+08  3.31243473e+08  8.59e-02 3.86e-10  8.16e-01     8s
  12   3.30573645e+08  3.31082776e+08  3.86e-02 4.43e-10  5.67e-01     8s
  13   3.30627565e+08  3.30901366e+08  5.70e-03 3.89e-10  3.05e-01     8s
  14   3.30638083e+08  3.30768754e+08  2.17e-03 3.06e-10  1.46e-01     8s
  15   3.30646250e+08  3.30720882e+08  5.29e-04 3.44e-10  8.31e-02     8s
  16   3.30647556e+08  3.30706072e+08  3.46e-04 4.85e-10  6.52e-02     8s
  17   3.30648761e+08  3.30691085e+08  1.99e-04 4.81e-10  4.71e-02     8s
  18   3.30649456e+08  3.30674927e+08  1.25e-04 3.77e-10  2.84e-02     8s
  19   3.30650345e+08  3.30666995e+08  5.03e-05 4.50e-10  1.85e-02     8s
  20   3.30650533e+08  3.30662501e+08  3.79e-05 4.23e-10  1.33e-02     8s
  21   3.30650931e+08  3.30660181e+08  2.02e-05 4.64e-10  1.03e-02     9s
  22   3.30651092e+08  3.30658169e+08  1.07e-05 4.15e-10  7.88e-03     9s
  23   3.30651176e+08  3.30656483e+08  6.85e-06 4.33e-10  5.91e-03     9s
  24   3.30651259e+08  3.30655003e+08  4.23e-06 4.30e-10  4.17e-03     9s
  25   3.30651331e+08  3.30654084e+08  2.80e-06 4.55e-10  3.07e-03     9s
  26   3.30651358e+08  3.30653655e+08  2.30e-06 4.33e-10  2.56e-03     9s
  27   3.30651388e+08  3.30653078e+08  1.76e-06 4.68e-10  1.88e-03     9s
  28   3.30651431e+08  3.30652877e+08  1.04e-06 5.30e-10  1.61e-03     9s
  29   3.30651452e+08  3.30652531e+08  5.86e-07 5.27e-10  1.20e-03     9s
  30   3.30651470e+08  3.30652322e+08  3.30e-07 4.64e-10  9.48e-04    10s
  31   3.30651480e+08  3.30652078e+08  2.22e-07 4.51e-10  6.67e-04    10s
  32   3.30651490e+08  3.30651912e+08  1.54e-07 4.43e-10  4.70e-04    10s
  33   3.30651492e+08  3.30651820e+08  1.24e-07 4.69e-10  3.64e-04    10s
  34   3.30651501e+08  3.30651777e+08  7.41e-08 5.72e-10  3.07e-04    10s
  35   3.30651502e+08  3.30651656e+08  6.56e-08 4.78e-10  1.72e-04    10s
  36   3.30651504e+08  3.30651623e+08  5.92e-08 3.97e-10  1.32e-04    11s
  37   3.30651509e+08  3.30651568e+08  1.96e-08 4.11e-10  6.63e-05    11s
  38   3.30651511e+08  3.30651555e+08  1.15e-08 3.83e-10  4.86e-05    11s
  39   3.30651513e+08  3.30651536e+08  4.77e-09 3.31e-10  2.63e-05    11s
  40   3.30651513e+08  3.30651530e+08  3.20e-09 3.83e-10  1.83e-05    11s
  41   3.30651513e+08  3.30651522e+08  3.09e-09 4.00e-10  9.28e-06    11s
  42   3.30651514e+08  3.30651521e+08  2.79e-09 4.57e-10  8.66e-06    11s
  43   3.30651514e+08  3.30651518e+08  2.10e-09 4.60e-10  4.24e-06    12s
  44   3.30651515e+08  3.30651516e+08  6.40e-10 4.93e-10  1.64e-06    12s
  45   3.30651515e+08  3.30651515e+08  1.52e-09 2.91e-10  3.73e-07    12s
  46   3.30651515e+08  3.30651515e+08  5.30e-09 2.89e-10  1.59e-07    12s
  47   3.30651515e+08  3.30651515e+08  8.76e-07 2.74e-10  1.43e-08    12s
  48   3.30651515e+08  3.30651515e+08  9.68e-08 2.15e-10  1.08e-09    12s

Barrier solved model in 48 iterations and 12.11 seconds (15.98 work units)
Optimal objective 3.30651515e+08


Root crossover log...

   13591 DPushes remaining with DInf 0.0000000e+00                12s
       0 DPushes remaining with DInf 0.0000000e+00                12s

    8671 PPushes remaining with PInf 1.1385042e-02                12s
       0 PPushes remaining with PInf 0.0000000e+00                13s

  Push phase complete: Pinf 0.0000000e+00, Dinf 9.8021414e+04     13s


Root simplex log...

Iteration    Objective       Primal Inf.    Dual Inf.      Time
   21765    3.3065151e+08   0.000000e+00   9.802067e+04     13s
   26500    3.3065151e+08   0.000000e+00   0.000000e+00     14s
Crossover time: 1.90 seconds (2.20 work units)
Concurrent spin time: 0.56s

Solved with barrier

Root relaxation: objective 3.306515e+08, 26500 iterations, 9.82 seconds (10.67 work units)
Total elapsed time = 14.59s (DegenMoves)

    Nodes    |    Current Node    |     Objective Bounds      |     Work
 Expl Unexpl |  Obj  Depth IntInf | Incumbent    BestBd   Gap | It/Node Time

     0     0 3.3065e+08    0 8143 -4.580e+08 3.3065e+08   172%     -   16s
H    0     0                    1.536665e+08 3.3065e+08   115%     -   16s
H    0     0                    1.588874e+08 3.3065e+08   108%     -   16s
H    0     0                    2.458865e+08 3.3065e+08  34.5%     -   17s
H    0     0                    2.474085e+08 3.3065e+08  33.6%     -   18s
H    0     0                    2.746080e+08 3.3065e+08  20.4%     -   24s
H    0     0                    2.749449e+08 3.3065e+08  20.3%     -   27s
     0     0 3.3065e+08    0 9374 2.7494e+08 3.3065e+08  20.3%     -  882s
H    0     0                    2.760552e+08 3.3065e+08  19.8%     -  899s
H    0     0                    2.760643e+08 3.3065e+08  19.8%     -  961s
H    0     0                    2.760647e+08 3.3065e+08  19.8%     - 1016s
H    0     0                    2.760667e+08 3.3065e+08  19.8%     - 1016s
H    0     0                    2.761341e+08 3.3065e+08  19.7%     - 1016s
H    0     0                    2.761357e+08 3.3065e+08  19.7%     - 1040s
H    0     0                    2.761361e+08 3.3065e+08  19.7%     - 1082s
H    0     0                    2.761373e+08 3.3065e+08  19.7%     - 1149s
H    0     0                    2.761388e+08 3.3065e+08  19.7%     - 1150s
H    0     0                    2.761399e+08 3.3065e+08  19.7%     - 1425s
H    0     0                    2.761602e+08 3.3065e+08  19.7%     - 1558s
     0     0 3.3065e+08    0 9170 2.7616e+08 3.3065e+08  19.7%     - 1837s
     0     0 3.3065e+08    0 9866 2.7616e+08 3.3065e+08  19.7%     - 2960s
H    0     0                    2.764928e+08 3.3065e+08  19.6%     - 2970s
H    0     0                    2.768785e+08 3.3065e+08  19.4%     - 2978s
H    0     0                    2.773784e+08 3.3065e+08  19.2%     - 2986s
H    0     0                    2.829687e+08 3.3065e+08  16.9%     - 2990s
H    0     0                    2.845380e+08 3.3065e+08  16.2%     - 2990s
H    0     0                    2.849219e+08 3.3065e+08  16.0%     - 2990s
H    0     0                    2.851183e+08 3.3065e+08  16.0%     - 3014s
     0     0 3.3065e+08    0 9756 2.8512e+08 3.3065e+08  16.0%     - 3090s
     0     0 3.3065e+08    0 9749 2.8512e+08 3.3065e+08  16.0%     - 3246s
     0     0 3.3065e+08    0 9927 2.8512e+08 3.3065e+08  16.0%     - 3271s
     0     0 3.3065e+08    0 9686 2.8512e+08 3.3065e+08  16.0%     - 3329s
     0     0 3.3065e+08    0 9686 2.8512e+08 3.3065e+08  16.0%     - 3332s
     0     0 3.3065e+08    0 9604 2.8512e+08 3.3065e+08  16.0%     - 3333s

Cutting planes:
  MIR: 7
  Flow cover: 64
  RLT: 2907
  Relax-and-lift: 70

Explored 1 nodes (1076287 simplex iterations) in 3600.24 seconds (6308.71 work units)
Thread count was 20 (of 20 available processors)

Solution count 10: 2.85118e+08 2.84922e+08 2.84538e+08 ... 2.76139e+08

Time limit reached
Best objective 2.851182917175e+08, best bound 3.306505963316e+08, gap 15.9696%
