
Gurobi 13.0.1 (linux64) logging started Wed May 13 01:59:08 2026

Set parameter LogFile to value "logs_sparse_corrected/100B_3F_robust_gamma_0d35_theta_0d052_2026-05-13_01h58m41s.log"
Set parameter MIPGap to value 0.005
Set parameter OptimalityTol to value 0.005
Gurobi Optimizer version 13.0.1 build v13.0.1rc0 (linux64 - "Linux Mint 22")

CPU model: 12th Gen Intel(R) Core(TM) i7-12700, instruction set [SSE2|AVX|AVX2]
Thread count: 20 physical cores, 20 logical processors, using up to 20 threads

Non-default parameters:
TimeLimit  3600
SoftMemLimit  12
MIPGap  0.005
OptimalityTol  0.005

Optimize a model with 60721 rows, 1531121 columns and 4635098 nonzeros (Max)
Model fingerprint: 0x9c82d12b
Model has 1485111 linear objective coefficients
Variable types: 16121 continuous, 1515000 integer (1515000 binary)
Coefficient statistics:
  Matrix range     [3e-05, 1e+05]
  Objective range  [1e+00, 3e+03]
  Bounds range     [1e+00, 1e+05]
  RHS range        [1e+00, 1e+05]

Presolve removed 36714 rows and 1241081 columns
Presolve time: 0.65s
Presolved: 24007 rows, 290040 columns, 921754 nonzeros
Variable types: 6446 continuous, 283594 integer (283594 binary)
Found heuristic solution: objective -4.95506e+08
Performing another presolve...
Presolve added 0 rows and 10 columns
Presolve removed 18 rows and 0 columns
Presolve time: 1.21s
Deterministic concurrent LP optimizer: primal simplex, dual simplex, and barrier
Showing barrier log only...

Root barrier log...

Ordering time: 0.59s

Barrier statistics:
 AA' NZ     : 4.530e+05
 Factor NZ  : 4.046e+06 (roughly 160 MB of memory)
 Factor Ops : 1.382e+09 (less than 1 second per iteration)
 Threads    : 18

                  Objective                Residual
Iter       Primal          Dual         Primal    Dual     Compl     Time
   0  -1.63439605e+12  1.34980963e+09  6.46e+07 1.02e+03  1.65e+07     4s
   1  -1.78191826e+11  3.77174745e+09  7.05e+06 6.99e+02  1.85e+06     4s
   2  -6.33156356e+09  2.25993781e+09  2.56e+05 1.07e+01  7.04e+04     4s
   3  -4.84811869e+08  2.09977431e+09  2.83e+04 9.89e-01  1.04e+04     4s
   4   1.09060991e+08  1.32408140e+09  6.70e+03 4.41e-01  3.31e+03     4s
   5   2.85358612e+08  6.24487717e+08  1.22e+03 1.23e-01  7.44e+02     4s
   6   3.17322366e+08  4.07989367e+08  3.49e+02 4.50e-02  1.96e+02     4s
   7   3.22143939e+08  3.62465671e+08  2.20e+02 7.37e-03  9.49e+01     4s
   8   3.26542315e+08  3.46273651e+08  1.03e+02 3.28e-03  4.56e+01     4s
   9   3.29283995e+08  3.35207311e+08  3.10e+01 7.28e-04  1.34e+01     4s
  10   3.30049055e+08  3.32567812e+08  1.15e+01 2.70e-04  5.33e+00     4s
  11   3.30420407e+08  3.31484699e+08  2.77e+00 1.10e-04  1.98e+00     4s
  12   3.30526216e+08  3.31091890e+08  7.27e-01 5.78e-05  9.81e-01     4s
  13   3.30589610e+08  3.30826462e+08  1.39e-01 2.09e-05  4.01e-01     4s
  14   3.30614625e+08  3.30757157e+08  5.31e-02 1.25e-05  2.41e-01     4s
  15   3.30639432e+08  3.30698619e+08  9.48e-03 5.02e-06  1.00e-01     5s
  16   3.30644303e+08  3.30678506e+08  5.33e-03 2.69e-06  5.78e-02     5s
  17   3.30649179e+08  3.30668382e+08  1.63e-03 1.57e-06  3.24e-02     5s
  18   3.30649821e+08  3.30666090e+08  1.16e-03 1.33e-06  2.75e-02     5s
  19   3.30650721e+08  3.30661381e+08  5.65e-04 8.58e-07  1.80e-02     5s
  20   3.30651251e+08  3.30657513e+08  2.88e-04 4.61e-07  1.06e-02     5s
  21   3.30651589e+08  3.30655398e+08  1.34e-04 2.66e-07  6.44e-03     5s
  22   3.30651663e+08  3.30654619e+08  1.03e-04 1.99e-07  4.99e-03     5s
  23   3.30651737e+08  3.30653795e+08  7.37e-05 1.30e-07  3.48e-03     5s
  24   3.30651799e+08  3.30653551e+08  5.07e-05 1.10e-07  2.96e-03     5s
  25   3.30651850e+08  3.30652997e+08  3.25e-05 6.78e-08  1.94e-03     5s
  26   3.30651890e+08  3.30652521e+08  1.74e-05 2.97e-08  1.07e-03     5s
  27   3.30651924e+08  3.30652354e+08  8.36e-06 1.98e-08  7.27e-04     5s
  28   3.30651938e+08  3.30652271e+08  3.82e-06 1.60e-08  5.62e-04     5s
  29   3.30651944e+08  3.30652168e+08  2.55e-06 1.08e-08  3.79e-04     5s
  30   3.30651946e+08  3.30652121e+08  1.76e-06 7.55e-09  2.96e-04     5s
  31   3.30651952e+08  3.30652082e+08  8.36e-07 5.46e-09  2.21e-04     6s
  32   3.30651953e+08  3.30652034e+08  5.76e-07 2.89e-09  1.36e-04     6s
  33   3.30651955e+08  3.30652006e+08  3.64e-07 1.68e-09  8.62e-05     6s
  34   3.30651957e+08  3.30651980e+08  2.16e-07 5.25e-10  3.85e-05     6s
  35   3.30651957e+08  3.30651972e+08  1.62e-07 2.61e-10  2.51e-05     6s
  36   3.30651959e+08  3.30651968e+08  3.77e-08 1.99e-10  1.56e-05     6s
  37   3.30651959e+08  3.30651961e+08  6.17e-09 1.21e-10  2.14e-06     6s
  38   3.30651960e+08  3.30651960e+08  9.26e-09 1.55e-10  7.44e-07     6s
  39   3.30651960e+08  3.30651960e+08  4.70e-09 1.16e-10  8.48e-08     6s
  40   3.30651960e+08  3.30651960e+08  8.10e-08 1.16e-10  9.21e-10     6s

Barrier solved model in 40 iterations and 6.17 seconds (8.72 work units)
Optimal objective 3.30651960e+08


Root crossover log...

    7124 DPushes remaining with DInf 0.0000000e+00                 6s
       0 DPushes remaining with DInf 0.0000000e+00                 6s

    4858 PPushes remaining with PInf 4.0867528e-04                 6s
       0 PPushes remaining with PInf 0.0000000e+00                 6s

  Push phase complete: Pinf 0.0000000e+00, Dinf 5.7546980e+05      6s


Root simplex log...

Iteration    Objective       Primal Inf.    Dual Inf.      Time
   11740    3.3065196e+08   0.000000e+00   5.754696e+05      6s
   12629    3.3065196e+08   0.000000e+00   0.000000e+00      7s
Crossover time: 0.44 seconds (0.44 work units)
Concurrent spin time: 0.48s (can be avoided by choosing Method=3)

Solved with barrier

Root relaxation: objective 3.306520e+08, 12629 iterations, 4.58 seconds (4.84 work units)
Total elapsed time = 7.11s (DegenMoves)

    Nodes    |    Current Node    |     Objective Bounds      |     Work
 Expl Unexpl |  Obj  Depth IntInf | Incumbent    BestBd   Gap | It/Node Time

     0     0 3.3065e+08    0 7227 -4.955e+08 3.3065e+08   167%     -    7s
H    0     0                    -7.83775e+07 3.3065e+08   522%     -    8s
H    0     0                    -7.65670e+07 3.3065e+08   532%     -    8s
H    0     0                    -5.09649e+07 3.3065e+08   749%     -    8s
H    0     0                    -5.07706e+07 3.3065e+08   751%     -    8s
H    0     0                    -5.07703e+07 3.3065e+08   751%     -    9s
H    0     0                    8.944463e+07 3.3065e+08   270%     -   11s
H    0     0                    1.969294e+08 3.3065e+08  67.9%     -   12s
H    0     0                    2.072943e+08 3.3065e+08  59.5%     -   13s
     0     0 3.3065e+08    0 7080 2.0729e+08 3.3065e+08  59.5%     -  327s
H    0     0                    2.222806e+08 3.3065e+08  48.8%     -  332s
H    0     0                    2.275711e+08 3.3065e+08  45.3%     -  333s
H    0     0                    2.277522e+08 3.3065e+08  45.2%     -  340s
H    0     0                    2.358723e+08 3.3065e+08  40.2%     -  408s
H    0     0                    2.432705e+08 3.3065e+08  35.9%     -  470s
H    0     0                    2.432705e+08 3.3065e+08  35.9%     -  647s
     0     0 3.3065e+08    0 7038 2.4327e+08 3.3065e+08  35.9%     -  738s
     0     0 3.3065e+08    0 7281 2.4327e+08 3.3065e+08  35.9%     - 1740s
H    0     0                    2.523701e+08 3.3065e+08  31.0%     - 1749s
H    0     0                    2.627050e+08 3.3065e+08  25.9%     - 1759s
H    0     0                    2.635478e+08 3.3065e+08  25.5%     - 1790s
H    0     0                    2.675607e+08 3.3065e+08  23.6%     - 1818s
H    0     0                    2.675765e+08 3.3065e+08  23.6%     - 1855s
H    0     0                    2.675775e+08 3.3065e+08  23.6%     - 1862s
H    0     0                    2.675779e+08 3.3065e+08  23.6%     - 1862s
H    0     0                    2.675780e+08 3.3065e+08  23.6%     - 1862s
H    0     0                    2.676626e+08 3.3065e+08  23.5%     - 1868s
H    0     0                    2.677212e+08 3.3065e+08  23.5%     - 1868s
H    0     0                    2.677701e+08 3.3065e+08  23.5%     - 1868s
H    0     0                    2.677831e+08 3.3065e+08  23.5%     - 1868s
H    0     0                    2.678218e+08 3.3065e+08  23.5%     - 1868s
H    0     0                    2.678224e+08 3.3065e+08  23.5%     - 1873s
H    0     0                    2.678234e+08 3.3065e+08  23.5%     - 1873s
H    0     0                    2.678250e+08 3.3065e+08  23.5%     - 1873s
H    0     0                    2.678265e+08 3.3065e+08  23.5%     - 1890s
H    0     0                    2.679596e+08 3.3065e+08  23.4%     - 1894s
H    0     0                    2.679835e+08 3.3065e+08  23.4%     - 1901s
H    0     0                    2.679916e+08 3.3065e+08  23.4%     - 1901s
H    0     0                    2.679920e+08 3.3065e+08  23.4%     - 1910s
H    0     0                    2.680258e+08 3.3065e+08  23.4%     - 1910s
H    0     0                    2.680258e+08 3.3065e+08  23.4%     - 1918s
H    0     0                    2.680260e+08 3.3065e+08  23.4%     - 1925s
     0     0 3.3065e+08    0 7444 2.6803e+08 3.3065e+08  23.4%     - 2042s
     0     0 3.3065e+08    0 7565 2.6803e+08 3.3065e+08  23.4%     - 2226s
     0     0 3.3065e+08    0 7541 2.6803e+08 3.3065e+08  23.4%     - 2281s
     0     0 3.3065e+08    0 7583 2.6803e+08 3.3065e+08  23.4%     - 2982s
     0     0          -    0      2.6803e+08 3.3065e+08  23.4%     - 3600s

Cutting planes:
  MIR: 8
  Flow cover: 54
  RLT: 2417
  Relax-and-lift: 91

Explored 1 nodes (1511103 simplex iterations) in 3600.04 seconds (6974.65 work units)
Thread count was 20 (of 20 available processors)

Solution count 10: 2.68026e+08 2.68026e+08 2.68026e+08 ... 2.67823e+08

Time limit reached
Best objective 2.680259870028e+08, best bound 3.306498959976e+08, gap 23.3649%
