
Gurobi 13.0.1 (linux64) logging started Tue May 12 03:21:58 2026

Set parameter LogFile to value "logs_sparse_corrected/50B_6F_robust_gamma_0d3_theta_0d052_2026-05-12_03h21m45s.log"
Set parameter MIPGap to value 0.005
Set parameter OptimalityTol to value 0.005
Gurobi Optimizer version 13.0.1 build v13.0.1rc0 (linux64 - "Linux Mint 22")

CPU model: 12th Gen Intel(R) Core(TM) i7-12700, instruction set [SSE2|AVX|AVX2]
Thread count: 20 physical cores, 20 logical processors, using up to 20 threads

Non-default parameters:
TimeLimit  3600
SoftMemLimit  12
MIPGap  0.005
OptimalityTol  0.005

Optimize a model with 60351 rows, 780571 columns and 2406497 nonzeros (Max)
Model fingerprint: 0x8977e73d
Model has 735061 linear objective coefficients
Variable types: 15571 continuous, 765000 integer (765000 binary)
Coefficient statistics:
  Matrix range     [3e-05, 1e+05]
  Objective range  [1e+00, 3e+03]
  Bounds range     [1e+00, 1e+05]
  RHS range        [8e-03, 1e+05]

Presolve removed 31036 rows and 564142 columns
Presolve time: 1.34s
Presolved: 29315 rows, 216429 columns, 690965 nonzeros
Variable types: 7521 continuous, 208908 integer (208908 binary)
Found heuristic solution: objective -3.92159e+08
Found heuristic solution: objective -3.89456e+08
Deterministic concurrent LP optimizer: primal simplex, dual simplex, and barrier
Showing barrier log only...

Root barrier log...

Ordering time: 0.41s

Barrier statistics:
 AA' NZ     : 4.006e+05
 Factor NZ  : 3.152e+06 (roughly 120 MB of memory)
 Factor Ops : 6.047e+08 (less than 1 second per iteration)
 Threads    : 18

                  Objective                Residual
Iter       Primal          Dual         Primal    Dual     Compl     Time
   0  -7.11253867e+11  1.05054660e+09  9.82e+06 5.12e+02  9.67e+06     2s
   1  -6.29928191e+10  1.76043763e+09  8.72e+05 4.44e+02  8.74e+05     3s
   2  -2.47815610e+09  1.41434552e+09  3.47e+04 1.10e+02  3.80e+04     3s
   3  -2.24443898e+08  1.00304165e+09  4.37e+03 1.35e+01  6.10e+03     3s
   4   5.42026078e+07  4.38689783e+08  6.27e+02 1.86e+00  1.23e+03     3s
   5   8.18230535e+07  2.34996398e+08  2.49e+02 9.43e-01  4.63e+02     3s
   6   9.30452899e+07  1.75884479e+08  9.82e+01 3.38e-01  2.30e+02     3s
   7   9.58976589e+07  1.32698289e+08  6.08e+01 2.29e-01  1.08e+02     3s
   8   9.83818093e+07  1.18761141e+08  3.03e+01 1.02e-01  5.77e+01     3s
   9   1.00161282e+08  1.09976632e+08  9.11e+00 4.77e-02  2.53e+01     3s
  10   1.00522244e+08  1.05635687e+08  5.17e+00 2.32e-02  1.29e+01     3s
  11   1.00904386e+08  1.02770116e+08  1.33e+00 7.25e-03  4.37e+00     3s
  12   1.01030682e+08  1.02114964e+08  5.59e-01 3.87e-03  2.47e+00     3s
  13   1.01158331e+08  1.01654463e+08  1.22e-01 1.66e-03  1.12e+00     3s
  14   1.01209120e+08  1.01441399e+08  4.28e-02 7.14e-04  5.21e-01     3s
  15   1.01229817e+08  1.01332694e+08  1.81e-02 2.88e-04  2.31e-01     3s
  16   1.01238515e+08  1.01292329e+08  9.93e-03 1.37e-04  1.21e-01     3s
  17   1.01245281e+08  1.01273676e+08  4.58e-03 6.94e-05  6.37e-02     3s
  18   1.01247944e+08  1.01263948e+08  2.79e-03 3.47e-05  3.59e-02     3s
  19   1.01250120e+08  1.01259580e+08  1.39e-03 2.05e-05  2.12e-02     3s
  20   1.01251257e+08  1.01256542e+08  7.04e-04 1.14e-05  1.18e-02     3s
  21   1.01251884e+08  1.01254757e+08  3.20e-04 6.20e-06  6.44e-03     3s
  22   1.01252056e+08  1.01253718e+08  2.30e-04 3.27e-06  3.73e-03     3s
  23   1.01252227e+08  1.01253288e+08  1.32e-04 2.11e-06  2.38e-03     4s
  24   1.01252372e+08  1.01253091e+08  5.78e-05 1.59e-06  1.61e-03     4s
  25   1.01252456e+08  1.01252823e+08  1.09e-05 8.48e-07  8.22e-04     4s
  26   1.01252469e+08  1.01252646e+08  6.33e-06 3.90e-07  3.97e-04     4s
  27   1.01252481e+08  1.01252569e+08  2.72e-06 1.82e-07  1.98e-04     4s
  28   1.01252488e+08  1.01252523e+08  1.01e-06 6.78e-08  7.81e-05     4s
  29   1.01252490e+08  1.01252510e+08  6.27e-07 3.75e-08  4.51e-05     4s
  30   1.01252494e+08  1.01252498e+08  1.61e-07 6.85e-09  1.09e-05     4s
  31   1.01252495e+08  1.01252495e+08  2.74e-08 3.97e-10  1.10e-06     4s
  32   1.01252495e+08  1.01252495e+08  1.15e-06 3.47e-10  1.16e-07     4s
  33   1.01252495e+08  1.01252495e+08  1.20e-08 3.10e-10  1.20e-09     4s

Barrier solved model in 33 iterations and 3.95 seconds (5.65 work units)
Optimal objective 1.01252495e+08


Root simplex log...

Iteration    Objective       Primal Inf.    Dual Inf.      Time
   17355    1.0125249e+08   0.000000e+00   5.933128e+05      5s
   22113    1.0125249e+08   0.000000e+00   0.000000e+00      6s
Crossover time: 2.23 seconds (2.58 work units)
Concurrent spin time: 0.08s

Solved with barrier

Root relaxation: objective 1.012525e+08, 22113 iterations, 4.52 seconds (5.27 work units)

    Nodes    |    Current Node    |     Objective Bounds      |     Work
 Expl Unexpl |  Obj  Depth IntInf | Incumbent    BestBd   Gap | It/Node Time

     0     0 1.0125e+08    0 4553 -3.895e+08 1.0125e+08   126%     -    7s
H    0     0                    -2.74697e+08 1.0125e+08   137%     -    9s
H    0     0                    -2.57352e+08 1.0125e+08   139%     -    9s
H    0     0                    -1.86240e+08 1.0125e+08   154%     -    9s
H    0     0                    -1.80481e+08 1.0125e+08   156%     -   12s
H    0     0                    -7.78025e+07 1.0125e+08   230%     -   15s
H    0     0                    -7.62542e+07 1.0125e+08   233%     -   16s
H    0     0                    -4.41701e+07 1.0125e+08   329%     -   17s
H    0     0                    -4.38519e+07 1.0125e+08   331%     -   17s
H    0     0                    -3.56023e+07 1.0125e+08   384%     -   19s
H    0     0                    -2.26777e+07 1.0125e+08   546%     -   20s
H    0     0                    -2.23565e+07 1.0125e+08   553%     -   20s
H    0     0                    2.544298e+07 1.0125e+08   298%     -   20s
H    0     0                    2.552088e+07 1.0125e+08   297%     -   22s
H    0     0                    2.757853e+07 1.0125e+08   267%     -   22s
H    0     0                    3.658116e+07 1.0125e+08   177%     -   22s
H    0     0                    3.699408e+07 1.0125e+08   174%     -   22s
H    0     0                    3.735513e+07 1.0125e+08   171%     -   22s
     0     0 1.0125e+08    0 5767 3.7355e+07 1.0125e+08   171%     -   75s
H    0     0                    5.073461e+07 1.0125e+08   100%     -   80s
H    0     0                    5.197607e+07 1.0125e+08  94.8%     -   82s
H    0     0                    5.239682e+07 1.0125e+08  93.2%     -   84s
H    0     0                    5.244579e+07 1.0125e+08  93.1%     -   90s
H    0     0                    5.273567e+07 1.0125e+08  92.0%     -  101s
H    0     0                    5.369608e+07 1.0125e+08  88.6%     -  107s
H    0     0                    5.508878e+07 1.0125e+08  83.8%     -  107s
     0     0 1.0125e+08    0 5614 5.5089e+07 1.0125e+08  83.8%     -  113s
     0     0 1.0125e+08    0 4228 5.5089e+07 1.0125e+08  83.8%     -  173s
H    0     0                    7.089847e+07 1.0125e+08  42.8%     -  202s
H    0     0                    8.276617e+07 1.0125e+08  22.3%     -  202s
H    0     0                    8.631662e+07 1.0125e+08  17.3%     -  204s
H    0     0                    8.730851e+07 1.0125e+08  16.0%     -  212s
H    0     0                    9.284331e+07 1.0125e+08  9.06%     -  215s
H    0     0                    9.328586e+07 1.0125e+08  8.54%     -  221s
H    0     0                    9.347850e+07 1.0125e+08  8.32%     -  228s
H    0     0                    9.358601e+07 1.0125e+08  8.19%     -  228s
H    0     0                    9.377675e+07 1.0125e+08  7.97%     -  230s
H    0     0                    9.403771e+07 1.0125e+08  7.67%     -  234s
H    0     0                    9.537972e+07 1.0125e+08  6.16%     -  236s
H    0     0                    9.576717e+07 1.0125e+08  5.73%     -  236s
H    0     0                    9.624825e+07 1.0125e+08  5.20%     -  246s
H    0     0                    9.624869e+07 1.0125e+08  5.20%     -  251s
H    0     0                    9.625900e+07 1.0125e+08  5.19%     -  251s
H    0     0                    9.626139e+07 1.0125e+08  5.18%     -  252s
H    0     0                    9.638243e+07 1.0125e+08  5.05%     -  252s
H    0     0                    9.645346e+07 1.0125e+08  4.98%     -  252s
H    0     0                    9.645437e+07 1.0125e+08  4.97%     -  255s
H    0     0                    9.652678e+07 1.0125e+08  4.90%     -  255s
H    0     0                    9.653909e+07 1.0125e+08  4.88%     -  255s
     0     0 1.0125e+08    0 4230 9.6539e+07 1.0125e+08  4.88%     -  258s
     0     0 1.0125e+08    0 6329 9.6539e+07 1.0125e+08  4.88%     -  311s
H    0     0                    9.654058e+07 1.0125e+08  4.88%     -  313s
H    0     0                    9.654770e+07 1.0125e+08  4.87%     -  315s
H    0     0                    9.654770e+07 1.0125e+08  4.87%     -  320s
H    0     0                    9.655002e+07 1.0125e+08  4.87%     -  328s
     0     0 1.0125e+08    0 6057 9.6550e+07 1.0125e+08  4.87%     -  349s
     0     0 1.0125e+08    0 5823 9.6550e+07 1.0125e+08  4.87%     -  389s
     0     0 1.0125e+08    0 5909 9.6550e+07 1.0125e+08  4.87%     -  403s
     0     0 1.0125e+08    0 6069 9.6550e+07 1.0125e+08  4.87%     -  441s
     0     0 1.0125e+08    0 6160 9.6550e+07 1.0125e+08  4.87%     -  456s
     0     0 1.0125e+08    0 6416 9.6550e+07 1.0125e+08  4.87%     -  494s
     0     0 1.0125e+08    0 6416 9.6550e+07 1.0125e+08  4.87%     -  495s
     0     0 1.0125e+08    0 6348 9.6550e+07 1.0125e+08  4.87%     -  496s
     0     2 1.0125e+08    0 6348 9.6550e+07 1.0125e+08  4.87%     -  571s
     1     3 1.0125e+08    1 6144 9.6550e+07 1.0125e+08  4.87% 16882  585s
     2     4 1.0125e+08    1 6857 9.6550e+07 1.0125e+08  4.87% 44239  638s
     3     6 1.0125e+08    2 5832 9.6550e+07 1.0125e+08  4.87% 33579  691s
     5    12 1.0125e+08    3 5639 9.6550e+07 1.0125e+08  4.87% 43625  749s
H    7    12                    9.655095e+07 1.0125e+08  4.87% 34097  749s
    11    14 1.0125e+08    4 5827 9.6551e+07 1.0125e+08  4.87% 67335 3600s

Cutting planes:
  MIR: 20
  Flow cover: 87
  Zero half: 2
  RLT: 2880
  Relax-and-lift: 57

Explored 13 nodes (1361283 simplex iterations) in 3600.06 seconds (4148.45 work units)
Thread count was 20 (of 20 available processors)

Solution count 10: 9.65509e+07 9.655e+07 9.65477e+07 ... 9.62614e+07

Time limit reached
Best objective 9.655094709255e+07, best bound 1.012514472133e+08, gap 4.8684%
