
Gurobi 13.0.1 (linux64) logging started Mon May 11 17:54:57 2026

Set parameter LogFile to value "logs_sparse_corrected/50B_3F_robust_gamma_0d1_theta_0d052_2026-05-11_17h54m51s.log"
Set parameter MIPGap to value 0.005
Set parameter OptimalityTol to value 0.005
Gurobi Optimizer version 13.0.1 build v13.0.1rc0 (linux64 - "Linux Mint 22")

CPU model: 12th Gen Intel(R) Core(TM) i7-12700, instruction set [SSE2|AVX|AVX2]
Thread count: 20 physical cores, 20 logical processors, using up to 20 threads

Non-default parameters:
TimeLimit  3600
SoftMemLimit  12
MIPGap  0.005
OptimalityTol  0.005

Optimize a model with 30471 rows, 390571 columns and 1204034 nonzeros (Max)
Model fingerprint: 0x10d3a1eb
Model has 367561 linear objective coefficients
Variable types: 8071 continuous, 382500 integer (382500 binary)
Coefficient statistics:
  Matrix range     [3e-05, 1e+05]
  Objective range  [1e+00, 3e+03]
  Bounds range     [1e+00, 1e+05]
  RHS range        [8e-03, 1e+05]

Presolve removed 15658 rows and 282203 columns
Presolve time: 0.59s
Presolved: 14813 rows, 108368 columns, 345894 nonzeros
Variable types: 3914 continuous, 104454 integer (104454 binary)
Found heuristic solution: objective -3.90127e+08
Deterministic concurrent LP optimizer: primal and dual simplex
Showing primal log only...


Root simplex log...

Iteration    Objective       Primal Inf.    Dual Inf.      Time
   72860    1.2198603e+08   0.000000e+00   1.059612e+10      5s
Concurrent spin time: 1.36s (can be avoided by choosing Method=3)

Solved with dual simplex

Root simplex log...

Iteration    Objective       Primal Inf.    Dual Inf.      Time
   11747    1.2284287e+08   0.000000e+00   0.000000e+00      5s

Root relaxation: objective 1.228429e+08, 11747 iterations, 4.31 seconds (6.82 work units)

    Nodes    |    Current Node    |     Objective Bounds      |     Work
 Expl Unexpl |  Obj  Depth IntInf | Incumbent    BestBd   Gap | It/Node Time

     0     0 1.2284e+08    0 4522 -3.901e+08 1.2284e+08   131%     -    5s
H    0     0                    -2.09109e+08 1.2284e+08   159%     -    5s
H    0     0                    -1.07211e+08 1.2284e+08   215%     -    5s
H    0     0                    -1.04569e+08 1.2284e+08   217%     -    6s
H    0     0                    -6.64728e+07 1.2284e+08   285%     -    6s
H    0     0                    -5.69910e+07 1.2284e+08   316%     -    6s
H    0     0                    -2.95753e+07 1.2284e+08   515%     -    8s
H    0     0                    -2.56638e+07 1.2284e+08   579%     -    9s
H    0     0                    -2.56588e+07 1.2284e+08   579%     -    9s
H    0     0                    -2.54617e+07 1.2284e+08   582%     -    9s
H    0     0                    -2.50584e+07 1.2284e+08   590%     -    9s
H    0     0                    -1.85222e+07 1.2284e+08   763%     -   11s
H    0     0                    6204347.7222 1.2284e+08  1880%     -   13s
H    0     0                    7626980.8415 1.2284e+08  1511%     -   13s
H    0     0                    1.721434e+07 1.2284e+08   614%     -   13s
H    0     0                    2.980973e+07 1.2284e+08   312%     -   14s
H    0     0                    3.939083e+07 1.2284e+08   212%     -   15s
H    0     0                    4.799582e+07 1.2284e+08   156%     -   15s
H    0     0                    7.786233e+07 1.2284e+08  57.8%     -   16s
H    0     0                    7.826290e+07 1.2284e+08  57.0%     -   16s
H    0     0                    8.174674e+07 1.2284e+08  50.3%     -   24s
     0     0 1.2284e+08    0 3622 8.1747e+07 1.2284e+08  50.3%     -   38s
H    0     0                    8.174734e+07 1.2284e+08  50.3%     -   39s
H    0     0                    9.282021e+07 1.2284e+08  32.3%     -   43s
H    0     0                    9.282133e+07 1.2284e+08  32.3%     -   51s
     0     0 1.2284e+08    0 3519 9.2821e+07 1.2284e+08  32.3%     -   51s
     0     0 1.2284e+08    0 4316 9.2821e+07 1.2284e+08  32.3%     -   74s
     0     0 1.2284e+08    0 4366 9.2821e+07 1.2284e+08  32.3%     -   77s
H    0     0                    1.061743e+08 1.2284e+08  15.7%     -  101s
H    0     0                    1.112734e+08 1.2284e+08  10.4%     -  101s
     0     0 1.2284e+08    0 4730 1.1127e+08 1.2284e+08  10.4%     -  102s
     0     0 1.2284e+08    0 4730 1.1127e+08 1.2284e+08  10.4%     -  102s
     0     0 1.2284e+08    0 4611 1.1127e+08 1.2284e+08  10.4%     -  103s
     0     2 1.2284e+08    0 4611 1.1127e+08 1.2284e+08  10.4%     -  151s
H    1     4                    1.126245e+08 1.2284e+08  9.07%   0.0  167s
     3     8 1.2284e+08    2 4244 1.1262e+08 1.2284e+08  9.07% 12656  181s
H    7    16                    1.126251e+08 1.2284e+08  9.07% 14238  203s
    15    24 1.2284e+08    4 3612 1.1263e+08 1.2284e+08  9.07% 46627  791s
H   23    44                    1.130697e+08 1.2284e+08  8.64% 138959  957s
H   30    44                    1.134327e+08 1.2284e+08  8.30% 112540  957s
H   43    66                    1.134378e+08 1.2284e+08  8.29% 100936 1203s
H   44    66                    1.135222e+08 1.2284e+08  8.21% 99053 1203s
H   48    66                    1.135770e+08 1.2284e+08  8.16% 91518 1203s
H   54    66                    1.150873e+08 1.2284e+08  6.74% 82018 1203s
H   55    66                    1.161738e+08 1.2284e+08  5.74% 80857 1203s
H   59    66                    1.162060e+08 1.2284e+08  5.71% 75740 1203s
H   65   207                    1.188603e+08 1.2284e+08  3.35% 69183 1741s
H   96   207                    1.191768e+08 1.2284e+08  3.08% 50087 1741s
H  115   207                    1.193208e+08 1.2284e+08  2.95% 43320 1741s
H  135   207                    1.195883e+08 1.2284e+08  2.72% 38659 1741s
   206  1138 1.2284e+08   15 3689 1.1959e+08 1.2284e+08  2.72% 28239 3041s
H 1137  1565                    1.195905e+08 1.2284e+08  2.72% 12957 3600s
H 1457  1565                    1.195905e+08 1.2284e+08  2.72% 11870 3600s

Cutting planes:
  Gomory: 2
  MIR: 14
  Flow cover: 73
  RLT: 2141
  Relax-and-lift: 48

Explored 1564 nodes (18088975 simplex iterations) in 3600.07 seconds (3564.31 work units)
Thread count was 20 (of 20 available processors)

Solution count 10: 1.1959e+08 1.1959e+08 1.19588e+08 ... 1.13577e+08

Time limit reached
Best objective 1.195904848978e+08, best bound 1.228419371474e+08, gap 2.7188%
