
Gurobi 13.0.1 (linux64) logging started Tue May 12 17:42:21 2026

Set parameter LogFile to value "logs_sparse_corrected/75B_6F_robust_gamma_0d3_theta_0d052_2026-05-12_17h41m50s.log"
Set parameter MIPGap to value 0.005
Set parameter OptimalityTol to value 0.005
Gurobi Optimizer version 13.0.1 build v13.0.1rc0 (linux64 - "Linux Mint 22")

CPU model: 12th Gen Intel(R) Core(TM) i7-12700, instruction set [SSE2|AVX|AVX2]
Thread count: 20 physical cores, 20 logical processors, using up to 20 threads

Non-default parameters:
TimeLimit  3600
SoftMemLimit  12
MIPGap  0.005
OptimalityTol  0.005

Optimize a model with 90326 rows, 1733346 columns and 5286408 nonzeros (Max)
Model fingerprint: 0x353bcfe3
Model has 1665086 linear objective coefficients
Variable types: 23346 continuous, 1710000 integer (1710000 binary)
Coefficient statistics:
  Matrix range     [3e-05, 1e+05]
  Objective range  [1e+00, 3e+03]
  Bounds range     [1e+00, 1e+05]
  RHS range        [1e-02, 1e+05]

Presolve removed 46314 rows and 1252620 columns
Presolve time: 3.33s
Presolved: 44012 rows, 480726 columns, 1506877 nonzeros
Variable types: 11328 continuous, 469398 integer (469398 binary)
Found heuristic solution: objective -3.87473e+08
Deterministic concurrent LP optimizer: primal simplex, dual simplex, and barrier
Showing barrier log only...

Root barrier log...

Ordering time: 0.95s

Barrier statistics:
 AA' NZ     : 7.621e+05
 Factor NZ  : 6.411e+06 (roughly 260 MB of memory)
 Factor Ops : 1.809e+09 (less than 1 second per iteration)
 Threads    : 18

                  Objective                Residual
Iter       Primal          Dual         Primal    Dual     Compl     Time
   0  -1.43712028e+12  1.90878321e+09  2.08e+07 1.02e+03  8.71e+06     6s
   1  -1.91008306e+11  3.15455080e+09  2.77e+06 7.85e+02  1.18e+06     6s
   2  -1.94506195e+09  2.72415117e+09  3.01e+04 1.36e+02  1.56e+04     6s
   3  -7.54669409e+07  1.71653014e+09  4.98e+03 2.60e+01  3.35e+03     6s
   4   2.22451378e+08  6.38644326e+08  8.53e+02 3.58e+00  6.14e+02     6s
   5   2.64058807e+08  4.06694308e+08  2.94e+02 1.06e+00  2.04e+02     6s
   6   2.74624626e+08  3.25315850e+08  1.55e+02 3.09e-01  8.11e+01     7s
   7   2.80784074e+08  3.09467882e+08  7.43e+01 1.74e-01  4.30e+01     7s
   8   2.83359415e+08  2.94884841e+08  4.09e+01 5.14e-02  1.88e+01     7s
   9   2.85082201e+08  2.90590538e+08  1.88e+01 1.96e-02  8.47e+00     7s
  10   2.85863749e+08  2.88696645e+08  9.03e+00 8.18e-03  4.00e+00     7s
  11   2.86424195e+08  2.87726245e+08  2.38e+00 3.35e-03  1.52e+00     7s
  12   2.86590833e+08  2.87219831e+08  8.24e-01 1.46e-03  6.63e-01     7s
  13   2.86702140e+08  2.87027352e+08  2.94e-01 7.32e-04  3.34e-01     7s
  14   2.86743349e+08  2.86958047e+08  2.03e-01 4.52e-04  2.20e-01     7s
  15   2.86809408e+08  2.86901741e+08  6.40e-02 2.09e-04  9.42e-02     7s
  16   2.86821343e+08  2.86883388e+08  4.43e-02 1.29e-04  6.33e-02     8s
  17   2.86836049e+08  2.86865539e+08  2.12e-02 5.56e-05  3.01e-02     8s
  18   2.86842982e+08  2.86859097e+08  1.10e-02 3.06e-05  1.64e-02     8s
  19   2.86843728e+08  2.86855861e+08  9.88e-03 1.95e-05  1.24e-02     8s
  20   2.86845602e+08  2.86855351e+08  7.28e-03 1.65e-05  9.94e-03     8s
  21   2.86847134e+08  2.86854293e+08  5.17e-03 1.25e-05  7.30e-03     8s
  22   2.86848406e+08  2.86853102e+08  3.38e-03 8.42e-06  4.79e-03     8s
  23   2.86849003e+08  2.86852288e+08  2.57e-03 4.79e-06  3.35e-03     8s
  24   2.86849987e+08  2.86851755e+08  1.24e-03 2.88e-06  1.80e-03     9s
  25   2.86850420e+08  2.86851495e+08  6.29e-04 1.99e-06  1.10e-03     9s
  26   2.86850577e+08  2.86851156e+08  4.18e-04 8.11e-07  5.90e-04     9s
  27   2.86850699e+08  2.86851113e+08  2.62e-04 6.66e-07  4.22e-04     9s
  28   2.86850729e+08  2.86851080e+08  2.21e-04 5.55e-07  3.57e-04     9s
  29   2.86850792e+08  2.86851002e+08  1.36e-04 2.99e-07  2.14e-04     9s
  30   2.86850869e+08  2.86850955e+08  4.32e-05 1.43e-07  8.73e-05     9s
  31   2.86850896e+08  2.86850927e+08  1.08e-05 5.13e-08  3.07e-05     9s
  32   2.86850903e+08  2.86850911e+08  3.87e-06 8.31e-09  8.20e-06     9s
  33   2.86850906e+08  2.86850909e+08  1.12e-06 2.59e-09  2.68e-06    10s
  34   2.86850907e+08  2.86850908e+08  2.88e-07 3.66e-10  6.03e-07    10s
  35   2.86850907e+08  2.86850907e+08  2.22e-08 2.11e-10  3.26e-08    10s
  36   2.86850907e+08  2.86850907e+08  3.49e-08 1.54e-10  2.44e-11    10s

Barrier solved model in 36 iterations and 9.87 seconds (13.66 work units)
Optimal objective 2.86850907e+08


Root crossover log...

   12071 DPushes remaining with DInf 0.0000000e+00                10s
     547 DPushes remaining with DInf 1.2317490e-02                10s
       0 DPushes remaining with DInf 5.6981388e-03                10s

    9099 PPushes remaining with PInf 2.1958605e-03                10s
       0 PPushes remaining with PInf 0.0000000e+00                10s

  Push phase complete: Pinf 0.0000000e+00, Dinf 1.6074490e+05     10s


Root simplex log...

Iteration    Objective       Primal Inf.    Dual Inf.      Time
   20609    2.8685091e+08   0.000000e+00   1.607445e+05     10s
   24784    2.8685091e+08   0.000000e+00   0.000000e+00     12s
Crossover time: 2.15 seconds (2.90 work units)
Concurrent spin time: 0.96s (can be avoided by choosing Method=3)

Solved with barrier

Root relaxation: objective 2.868509e+08, 24784 iterations, 8.80 seconds (9.60 work units)

    Nodes    |    Current Node    |     Objective Bounds      |     Work
 Expl Unexpl |  Obj  Depth IntInf | Incumbent    BestBd   Gap | It/Node Time

     0     0 2.8685e+08    0 7027 -3.875e+08 2.8685e+08   174%     -   16s
H    0     0                    8.811998e+07 2.8685e+08   226%     -   17s
H    0     0                    2.414297e+08 2.8685e+08  18.8%     -   17s
H    0     0                    2.438053e+08 2.8685e+08  17.7%     -   19s
H    0     0                    2.482325e+08 2.8685e+08  15.6%     -   29s
H    0     0                    2.555059e+08 2.8685e+08  12.3%     -   35s
H    0     0                    2.568447e+08 2.8685e+08  11.7%     -   38s
     0     0 2.8685e+08    0 8575 2.5684e+08 2.8685e+08  11.7%     -  378s
H    0     0                    2.568757e+08 2.8685e+08  11.7%     -  391s
H    0     0                    2.570750e+08 2.8685e+08  11.6%     -  427s
H    0     0                    2.573446e+08 2.8685e+08  11.5%     -  427s
H    0     0                    2.577304e+08 2.8685e+08  11.3%     -  427s
H    0     0                    2.578487e+08 2.8685e+08  11.2%     -  459s
H    0     0                    2.586018e+08 2.8685e+08  10.9%     -  459s
H    0     0                    2.608841e+08 2.8685e+08  10.0%     -  476s
H    0     0                    2.612153e+08 2.8685e+08  9.81%     -  476s
     0     0 2.8685e+08    0 8356 2.6122e+08 2.8685e+08  9.81%     -  599s
     0     0 2.8685e+08    0 7324 2.6122e+08 2.8685e+08  9.81%     - 1051s
H    0     0                    2.643454e+08 2.8685e+08  8.51%     - 1247s
H    0     0                    2.652440e+08 2.8685e+08  8.15%     - 1256s
H    0     0                    2.670476e+08 2.8685e+08  7.42%     - 1273s
H    0     0                    2.693542e+08 2.8685e+08  6.50%     - 1306s
H    0     0                    2.753430e+08 2.8685e+08  4.18%     - 1326s
H    0     0                    2.767674e+08 2.8685e+08  3.64%     - 1334s
H    0     0                    2.806524e+08 2.8685e+08  2.21%     - 1484s
H    0     0                    2.806541e+08 2.8685e+08  2.21%     - 1496s
H    0     0                    2.813903e+08 2.8685e+08  1.94%     - 1581s
H    0     0                    2.818921e+08 2.8685e+08  1.76%     - 1822s
H    0     0                    2.819390e+08 2.8685e+08  1.74%     - 1822s
H    0     0                    2.819476e+08 2.8685e+08  1.74%     - 1830s
H    0     0                    2.819512e+08 2.8685e+08  1.74%     - 1861s
     0     0 2.8685e+08    0 7110 2.8195e+08 2.8685e+08  1.74%     - 1980s
     0     0 2.8685e+08    0 8411 2.8195e+08 2.8685e+08  1.74%     - 2522s
H    0     0                    2.819651e+08 2.8685e+08  1.73%     - 2552s
H    0     0                    2.820200e+08 2.8685e+08  1.71%     - 2600s
H    0     0                    2.820360e+08 2.8685e+08  1.71%     - 2600s
H    0     0                    2.821036e+08 2.8685e+08  1.68%     - 2619s
H    0     0                    2.821043e+08 2.8685e+08  1.68%     - 2659s
H    0     0                    2.821052e+08 2.8685e+08  1.68%     - 2659s
H    0     0                    2.821059e+08 2.8685e+08  1.68%     - 2729s
H    0     0                    2.821062e+08 2.8685e+08  1.68%     - 2729s
H    0     0                    2.821062e+08 2.8685e+08  1.68%     - 2838s
     0     0 2.8685e+08    0 8209 2.8211e+08 2.8685e+08  1.68%     - 3444s
     0     0          -    0      2.8211e+08 2.8685e+08  1.68%     - 3600s

Cutting planes:
  MIR: 75
  Flow cover: 97
  RLT: 3908
  Relax-and-lift: 67

Explored 1 nodes (840247 simplex iterations) in 3600.08 seconds (5534.02 work units)
Thread count was 20 (of 20 available processors)

Solution count 10: 2.82106e+08 2.82106e+08 2.82106e+08 ... 2.81951e+08

Time limit reached
Best objective 2.821061879348e+08, best bound 2.868502740914e+08, gap 1.6817%
