
Gurobi 13.0.1 (linux64) logging started Tue May 12 18:43:34 2026

Set parameter LogFile to value "logs_sparse_corrected/75B_6F_robust_gamma_0d35_theta_0d052_2026-05-12_18h43m03s.log"
Set parameter MIPGap to value 0.005
Set parameter OptimalityTol to value 0.005
Gurobi Optimizer version 13.0.1 build v13.0.1rc0 (linux64 - "Linux Mint 22")

CPU model: 12th Gen Intel(R) Core(TM) i7-12700, instruction set [SSE2|AVX|AVX2]
Thread count: 20 physical cores, 20 logical processors, using up to 20 threads

Non-default parameters:
TimeLimit  3600
SoftMemLimit  12
MIPGap  0.005
OptimalityTol  0.005

Optimize a model with 90326 rows, 1733346 columns and 5286408 nonzeros (Max)
Model fingerprint: 0x388f26e0
Model has 1665086 linear objective coefficients
Variable types: 23346 continuous, 1710000 integer (1710000 binary)
Coefficient statistics:
  Matrix range     [3e-05, 1e+05]
  Objective range  [1e+00, 3e+03]
  Bounds range     [1e+00, 1e+05]
  RHS range        [1e-02, 1e+05]

Presolve removed 46314 rows and 1252620 columns
Presolve time: 3.29s
Presolved: 44012 rows, 480726 columns, 1506877 nonzeros
Variable types: 11328 continuous, 469398 integer (469398 binary)
Found heuristic solution: objective -3.88994e+08
Deterministic concurrent LP optimizer: primal simplex, dual simplex, and barrier
Showing barrier log only...

Root barrier log...

Ordering time: 0.96s

Barrier statistics:
 AA' NZ     : 7.621e+05
 Factor NZ  : 6.411e+06 (roughly 260 MB of memory)
 Factor Ops : 1.809e+09 (less than 1 second per iteration)
 Threads    : 18

                  Objective                Residual
Iter       Primal          Dual         Primal    Dual     Compl     Time
   0  -1.43691610e+12  1.90877592e+09  2.08e+07 1.02e+03  8.71e+06     6s
   1  -1.92703061e+11  3.23101825e+09  2.80e+06 6.16e+02  1.19e+06     6s
   2  -1.78380574e+09  2.71145010e+09  2.77e+04 1.47e+02  1.45e+04     6s
   3  -9.27981882e+07  1.78411561e+09  5.09e+03 2.47e+01  3.50e+03     6s
   4   2.20097078e+08  7.44025419e+08  7.88e+02 5.19e+00  7.18e+02     6s
   5   2.58626014e+08  4.25651745e+08  2.70e+02 1.44e+00  2.25e+02     7s
   6   2.68462815e+08  3.40204638e+08  1.42e+02 5.72e-01  1.00e+02     7s
   7   2.74974583e+08  3.08781584e+08  5.80e+01 2.62e-01  4.53e+01     7s
   8   2.77379460e+08  2.89808672e+08  2.78e+01 9.84e-02  1.73e+01     7s
   9   2.78885604e+08  2.82976913e+08  9.09e+00 2.18e-02  5.42e+00     7s
  10   2.79446250e+08  2.81278781e+08  2.65e+00 8.32e-03  2.11e+00     7s
  11   2.79707092e+08  2.80388355e+08  2.86e-01 2.94e-03  7.03e-01     7s
  12   2.79794190e+08  2.80153424e+08  8.76e-02 1.55e-03  3.67e-01     7s
  13   2.79878924e+08  2.80065733e+08  1.21e-02 9.49e-04  1.91e-01     7s
  14   2.79894755e+08  2.79979295e+08  3.80e-03 4.23e-04  8.64e-02     7s
  15   2.79900426e+08  2.79942692e+08  1.74e-03 2.17e-04  4.32e-02     8s
  16   2.79901995e+08  2.79929714e+08  1.33e-03 1.35e-04  2.83e-02     8s
  17   2.79905159e+08  2.79921468e+08  5.55e-04 8.30e-05  1.67e-02     8s
  18   2.79905996e+08  2.79916674e+08  3.89e-04 5.24e-05  1.09e-02     8s
  19   2.79906433e+08  2.79913967e+08  3.08e-04 3.52e-05  7.69e-03     8s
  20   2.79906687e+08  2.79912722e+08  2.62e-04 2.76e-05  6.16e-03     8s
  21   2.79907417e+08  2.79910906e+08  1.21e-04 1.63e-05  3.56e-03     8s
  22   2.79907630e+08  2.79909899e+08  8.26e-05 1.04e-05  2.32e-03     9s
  23   2.79907837e+08  2.79909547e+08  4.58e-05 8.27e-06  1.75e-03     9s
  24   2.79907904e+08  2.79909102e+08  3.42e-05 5.60e-06  1.22e-03     9s
  25   2.79907979e+08  2.79908793e+08  2.23e-05 3.76e-06  8.31e-04     9s
  26   2.79908028e+08  2.79908467e+08  1.55e-05 1.78e-06  4.48e-04     9s
  27   2.79908079e+08  2.79908359e+08  8.52e-06 1.15e-06  2.86e-04     9s
  28   2.79908094e+08  2.79908308e+08  6.52e-06 8.70e-07  2.18e-04     9s
  29   2.79908103e+08  2.79908281e+08  5.22e-06 7.20e-07  1.81e-04     9s
  30   2.79908110e+08  2.79908234e+08  4.45e-06 4.66e-07  1.27e-04    10s
  31   2.79908126e+08  2.79908205e+08  2.51e-06 3.08e-07  8.13e-05    10s
  32   2.79908137e+08  2.79908196e+08  1.16e-06 2.62e-07  6.02e-05    10s
  33   2.79908141e+08  2.79908181e+08  7.01e-07 1.83e-07  4.17e-05    10s
  34   2.79908145e+08  2.79908163e+08  2.66e-07 7.84e-08  1.82e-05    10s
  35   2.79908145e+08  2.79908159e+08  2.48e-07 5.98e-08  1.44e-05    11s
  36   2.79908146e+08  2.79908152e+08  1.08e-07 2.11e-08  5.70e-06    11s
  37   2.79908147e+08  2.79908149e+08  1.10e-07 7.58e-09  2.38e-06    11s
  38   2.79908147e+08  2.79908148e+08  3.52e-08 2.16e-09  7.19e-07    11s
  39   2.79908148e+08  2.79908148e+08  5.77e-08 7.42e-10  2.33e-07    11s
  40   2.79908148e+08  2.79908148e+08  3.53e-08 5.98e-10  2.98e-08    11s
  41   2.79908148e+08  2.79908148e+08  4.87e-08 5.85e-10  9.62e-10    11s

Barrier solved model in 41 iterations and 11.37 seconds (14.32 work units)
Optimal objective 2.79908148e+08


Root crossover log...

   15039 DPushes remaining with DInf 9.7767400e-01                11s
       0 DPushes remaining with DInf 0.0000000e+00                12s

   10056 PPushes remaining with PInf 3.2293263e-02                12s
       0 PPushes remaining with PInf 0.0000000e+00                12s

  Push phase complete: Pinf 0.0000000e+00, Dinf 9.2759184e+06     12s


Root simplex log...

Iteration    Objective       Primal Inf.    Dual Inf.      Time
   24617    2.7990815e+08   0.000000e+00   9.275918e+06     12s
   34266    2.7990815e+08   0.000000e+00   3.790337e+06     15s
   41079    2.7990815e+08   0.000000e+00   0.000000e+00     17s
Crossover time: 5.93 seconds (7.27 work units)
Concurrent spin time: 0.05s

Solved with barrier

Root relaxation: objective 2.799081e+08, 41079 iterations, 13.20 seconds (14.63 work units)

    Nodes    |    Current Node    |     Objective Bounds      |     Work
 Expl Unexpl |  Obj  Depth IntInf | Incumbent    BestBd   Gap | It/Node Time

     0     0 2.7991e+08    0 6299 -3.890e+08 2.7991e+08   172%     -   20s
H    0     0                    1.074176e+08 2.7991e+08   161%     -   21s
H    0     0                    2.174389e+08 2.7991e+08  28.7%     -   22s
H    0     0                    2.219296e+08 2.7991e+08  26.1%     -   23s
H    0     0                    2.232383e+08 2.7991e+08  25.4%     -   42s
H    0     0                    2.455206e+08 2.7991e+08  14.0%     -   44s
     0     0 2.7991e+08    0 8233 2.4552e+08 2.7991e+08  14.0%     -  547s
H    0     0                    2.455254e+08 2.7991e+08  14.0%     -  644s
H    0     0                    2.456396e+08 2.7991e+08  14.0%     -  655s
H    0     0                    2.458866e+08 2.7991e+08  13.8%     -  655s
H    0     0                    2.471083e+08 2.7991e+08  13.3%     -  663s
H    0     0                    2.482943e+08 2.7991e+08  12.7%     -  679s
H    0     0                    2.484268e+08 2.7991e+08  12.7%     -  679s
H    0     0                    2.487030e+08 2.7991e+08  12.5%     -  679s
H    0     0                    2.489107e+08 2.7991e+08  12.5%     -  679s
H    0     0                    2.489414e+08 2.7991e+08  12.4%     -  695s
H    0     0                    2.489639e+08 2.7991e+08  12.4%     -  695s
H    0     0                    2.490514e+08 2.7991e+08  12.4%     -  806s
     0     0 2.7991e+08    0 8119 2.4905e+08 2.7991e+08  12.4%     -  818s
     0     0 2.7991e+08    0 8445 2.4905e+08 2.7991e+08  12.4%     - 1257s
H    0     0                    2.527146e+08 2.7991e+08  10.8%     - 1290s
H    0     0                    2.540686e+08 2.7991e+08  10.2%     - 1298s
H    0     0                    2.547927e+08 2.7991e+08  9.86%     - 1298s
H    0     0                    2.564408e+08 2.7991e+08  9.15%     - 1303s
H    0     0                    2.569801e+08 2.7991e+08  8.92%     - 1303s
     0     0 2.7991e+08    0 8059 2.5698e+08 2.7991e+08  8.92%     - 1317s
     0     0 2.7991e+08    0 8335 2.5698e+08 2.7991e+08  8.92%     - 1883s
H    0     0                    2.570966e+08 2.7991e+08  8.87%     - 2017s
H    0     0                    2.571426e+08 2.7991e+08  8.85%     - 2053s
H    0     0                    2.576993e+08 2.7991e+08  8.62%     - 2099s
H    0     0                    2.577037e+08 2.7991e+08  8.62%     - 2113s
     0     0 2.7991e+08    0 8492 2.5770e+08 2.7991e+08  8.62%     - 2239s
     0     0 2.7991e+08    0 9414 2.5770e+08 2.7991e+08  8.62%     - 2715s
     0     0 2.7991e+08    0 9414 2.5770e+08 2.7991e+08  8.62%     - 2718s
     0     0 2.7991e+08    0 9195 2.5770e+08 2.7991e+08  8.62%     - 2719s
H    0     0                    2.577083e+08 2.7991e+08  8.61%     - 3295s
H    0     0                    2.613422e+08 2.7991e+08  7.10%     - 3306s
H    0     0                    2.613950e+08 2.7991e+08  7.08%     - 3313s
H    0     0                    2.617051e+08 2.7991e+08  6.96%     - 3336s
H    0     0                    2.617053e+08 2.7991e+08  6.96%     - 3352s
H    0     0                    2.623473e+08 2.7991e+08  6.69%     - 3395s
H    0     0                    2.623513e+08 2.7991e+08  6.69%     - 3403s
H    0     0                    2.623715e+08 2.7991e+08  6.68%     - 3416s
H    0     0                    2.624541e+08 2.7991e+08  6.65%     - 3465s
H    0     0                    2.624545e+08 2.7991e+08  6.65%     - 3493s
H    0     0                    2.624558e+08 2.7991e+08  6.65%     - 3524s
H    0     0                    2.624561e+08 2.7991e+08  6.65%     - 3554s
H    0     0                    2.624568e+08 2.7991e+08  6.65%     - 3580s
H    0     0                    2.624575e+08 2.7991e+08  6.65%     - 3580s
H    0     0                    2.624575e+08 2.7991e+08  6.65%     - 3590s
H    0     0                    2.624577e+08 2.7991e+08  6.65%     - 3590s
H    0     0                    2.624588e+08 2.7991e+08  6.65%     - 3590s
H    0     0                    2.624590e+08 2.7991e+08  6.65%     - 3590s
H    0     0                    2.624596e+08 2.7991e+08  6.65%     - 3599s
H    0     0                    2.624610e+08 2.7991e+08  6.65%     - 3599s
H    0     0                    2.624611e+08 2.7991e+08  6.65%     - 3599s

Cutting planes:
  MIR: 10
  Flow cover: 74
  RLT: 3893
  Relax-and-lift: 58

Explored 1 nodes (1023607 simplex iterations) in 3600.17 seconds (6168.20 work units)
Thread count was 20 (of 20 available processors)

Solution count 10: 2.62461e+08 2.62461e+08 2.62461e+08 ... 2.62457e+08

Time limit reached
Best objective 2.624610514150e+08, best bound 2.799071010137e+08, gap 6.6471%
