
Gurobi 13.0.1 (linux64) logging started Tue May 12 11:27:19 2026

Set parameter LogFile to value "logs_sparse_corrected/75B_3F_robust_gamma_0d35_theta_0d052_2026-05-12_11h27m04s.log"
Set parameter MIPGap to value 0.005
Set parameter OptimalityTol to value 0.005
Gurobi Optimizer version 13.0.1 build v13.0.1rc0 (linux64 - "Linux Mint 22")

CPU model: 12th Gen Intel(R) Core(TM) i7-12700, instruction set [SSE2|AVX|AVX2]
Thread count: 20 physical cores, 20 logical processors, using up to 20 threads

Non-default parameters:
TimeLimit  3600
SoftMemLimit  12
MIPGap  0.005
OptimalityTol  0.005

Optimize a model with 45596 rows, 867096 columns and 2644377 nonzeros (Max)
Model fingerprint: 0x29693d5a
Model has 832586 linear objective coefficients
Variable types: 12096 continuous, 855000 integer (855000 binary)
Coefficient statistics:
  Matrix range     [3e-05, 1e+05]
  Objective range  [1e+00, 3e+03]
  Bounds range     [1e+00, 1e+05]
  RHS range        [1e-02, 1e+05]

Presolve removed 23361 rows and 626499 columns
Presolve time: 1.49s
Presolved: 22235 rows, 240597 columns, 754072 nonzeros
Variable types: 5898 continuous, 234699 integer (234699 binary)
Found heuristic solution: objective -4.12338e+08
Deterministic concurrent LP optimizer: primal simplex, dual simplex, and barrier
Showing barrier log only...

Root barrier log...

Ordering time: 0.48s

Barrier statistics:
 AA' NZ     : 3.860e+05
 Factor NZ  : 3.362e+06 (roughly 130 MB of memory)
 Factor Ops : 9.985e+08 (less than 1 second per iteration)
 Threads    : 18

                  Objective                Residual
Iter       Primal          Dual         Primal    Dual     Compl     Time
   0  -8.70485702e+11  1.19654268e+09  2.52e+07 1.02e+03  1.06e+07     3s
   1  -9.53634008e+10  2.57617466e+09  2.77e+06 6.14e+02  1.18e+06     3s
   2  -1.32389686e+09  1.82246399e+09  4.03e+04 8.67e+01  2.08e+04     3s
   3   1.32045713e+08  1.09485637e+09  3.68e+03 9.71e+00  3.11e+03     3s
   4   2.56060555e+08  5.16699818e+08  5.37e+02 1.82e+00  6.55e+02     3s
   5   2.69821449e+08  3.75924611e+08  2.15e+02 7.13e-01  2.61e+02     3s
   6   2.74247330e+08  3.28477650e+08  1.16e+02 3.50e-01  1.34e+02     3s
   7   2.77745892e+08  3.01911811e+08  4.01e+01 1.51e-01  5.73e+01     3s
   8   2.78730160e+08  2.88321088e+08  2.03e+01 6.55e-02  2.32e+01     3s
   9   2.79528697e+08  2.82280331e+08  4.53e+00 1.33e-02  6.26e+00     3s
  10   2.79715266e+08  2.80970358e+08  1.43e+00 5.71e-03  2.68e+00     3s
  11   2.79818028e+08  2.80248518e+08  1.77e-01 1.83e-03  8.80e-01     3s
  12   2.79861055e+08  2.80113309e+08  5.98e-02 1.12e-03  5.15e-01     3s
  13   2.79897489e+08  2.79967249e+08  6.74e-03 2.79e-04  1.42e-01     3s
  14   2.79900790e+08  2.79939830e+08  4.37e-03 1.47e-04  7.95e-02     3s
  15   2.79904508e+08  2.79923927e+08  2.04e-03 7.09e-05  3.96e-02     3s
  16   2.79905992e+08  2.79917448e+08  1.25e-03 4.04e-05  2.33e-02     3s
  17   2.79907657e+08  2.79913671e+08  4.02e-04 2.25e-05  1.23e-02     4s
  18   2.79908055e+08  2.79911690e+08  2.15e-04 1.36e-05  7.41e-03     4s
  19   2.79908322e+08  2.79910839e+08  9.92e-05 9.80e-06  5.13e-03     4s
  20   2.79908453e+08  2.79910089e+08  4.72e-05 6.50e-06  3.33e-03     4s
  21   2.79908488e+08  2.79909486e+08  2.98e-05 3.84e-06  2.03e-03     4s
  22   2.79908496e+08  2.79909391e+08  2.74e-05 3.42e-06  1.82e-03     4s
  23   2.79908517e+08  2.79909248e+08  1.84e-05 2.81e-06  1.49e-03     4s
  24   2.79908531e+08  2.79908918e+08  1.42e-05 1.36e-06  7.87e-04     4s
  25   2.79908544e+08  2.79908828e+08  1.03e-05 1.00e-06  5.78e-04     4s
  26   2.79908556e+08  2.79908771e+08  6.49e-06 7.63e-07  4.37e-04     4s
  27   2.79908566e+08  2.79908652e+08  3.24e-06 2.84e-07  1.75e-04     4s
  28   2.79908574e+08  2.79908592e+08  7.50e-07 4.42e-08  3.64e-05     4s
  29   2.79908577e+08  2.79908582e+08  1.72e-07 1.16e-08  1.06e-05     4s
  30   2.79908578e+08  2.79908579e+08  1.03e-07 8.65e-10  1.25e-06     4s
  31   2.79908578e+08  2.79908578e+08  6.98e-09 5.02e-11  2.65e-08     4s
  32   2.79908578e+08  2.79908578e+08  2.22e-09 3.77e-11  2.56e-12     4s

Barrier solved model in 32 iterations and 4.40 seconds (6.31 work units)
Optimal objective 2.79908578e+08

Crossover time: 0.36 seconds (0.33 work units)
Concurrent spin time: 0.05s

Solved with barrier

Root relaxation: objective 2.799086e+08, 9704 iterations, 2.93 seconds (3.40 work units)

    Nodes    |    Current Node    |     Objective Bounds      |     Work
 Expl Unexpl |  Obj  Depth IntInf | Incumbent    BestBd   Gap | It/Node Time

     0     0 2.7991e+08    0 7361 -4.123e+08 2.7991e+08   168%     -    6s
H    0     0                    9.982086e+07 2.7991e+08   180%     -    6s
H    0     0                    1.377036e+08 2.7991e+08   103%     -    6s
H    0     0                    1.442578e+08 2.7991e+08  94.0%     -    7s
H    0     0                    1.442997e+08 2.7991e+08  94.0%     -    7s
H    0     0                    1.443004e+08 2.7991e+08  94.0%     -   10s
H    0     0                    1.443017e+08 2.7991e+08  94.0%     -   12s
H    0     0                    1.457798e+08 2.7991e+08  92.0%     -   12s
H    0     0                    1.466409e+08 2.7991e+08  90.9%     -   12s
H    0     0                    1.466416e+08 2.7991e+08  90.9%     -   13s
H    0     0                    2.233313e+08 2.7991e+08  25.3%     -   14s
H    0     0                    2.235774e+08 2.7991e+08  25.2%     -   16s
     0     0 2.7991e+08    0 6279 2.2358e+08 2.7991e+08  25.2%     -  263s
H    0     0                    2.235777e+08 2.7991e+08  25.2%     -  268s
H    0     0                    2.235784e+08 2.7991e+08  25.2%     -  293s
H    0     0                    2.239595e+08 2.7991e+08  25.0%     -  326s
H    0     0                    2.239599e+08 2.7991e+08  25.0%     -  409s
     0     0 2.7991e+08    0 6204 2.2396e+08 2.7991e+08  25.0%     -  570s
     0     0 2.7991e+08    0 6786 2.2396e+08 2.7991e+08  25.0%     -  817s
H    0     0                    2.320739e+08 2.7991e+08  20.6%     -  829s
H    0     0                    2.339053e+08 2.7991e+08  19.7%     -  867s
H    0     0                    2.372553e+08 2.7991e+08  18.0%     -  875s
H    0     0                    2.438890e+08 2.7991e+08  14.8%     -  930s
H    0     0                    2.438895e+08 2.7991e+08  14.8%     -  936s
H    0     0                    2.441098e+08 2.7991e+08  14.7%     -  946s
H    0     0                    2.445814e+08 2.7991e+08  14.4%     -  958s
H    0     0                    2.450242e+08 2.7991e+08  14.2%     -  976s
H    0     0                    2.450827e+08 2.7991e+08  14.2%     - 1024s
H    0     0                    2.451258e+08 2.7991e+08  14.2%     - 1032s
H    0     0                    2.451665e+08 2.7991e+08  14.2%     - 1032s
H    0     0                    2.451787e+08 2.7991e+08  14.2%     - 1032s
H    0     0                    2.452381e+08 2.7991e+08  14.1%     - 1032s
H    0     0                    2.452904e+08 2.7991e+08  14.1%     - 1051s
H    0     0                    2.453202e+08 2.7991e+08  14.1%     - 1064s
H    0     0                    2.453574e+08 2.7991e+08  14.1%     - 1064s
H    0     0                    2.453589e+08 2.7991e+08  14.1%     - 1072s
H    0     0                    2.453597e+08 2.7991e+08  14.1%     - 1072s
H    0     0                    2.453618e+08 2.7991e+08  14.1%     - 1072s
H    0     0                    2.454071e+08 2.7991e+08  14.1%     - 1072s
H    0     0                    2.454200e+08 2.7991e+08  14.1%     - 1077s
H    0     0                    2.454203e+08 2.7991e+08  14.1%     - 1109s
H    0     0                    2.454217e+08 2.7991e+08  14.1%     - 1109s
H    0     0                    2.454364e+08 2.7991e+08  14.0%     - 1116s
H    0     0                    2.454380e+08 2.7991e+08  14.0%     - 1116s
H    0     0                    2.454382e+08 2.7991e+08  14.0%     - 1153s
H    0     0                    2.454406e+08 2.7991e+08  14.0%     - 1169s
     0     0 2.7991e+08    0 6470 2.4544e+08 2.7991e+08  14.0%     - 1202s
     0     0 2.7991e+08    0 7495 2.4544e+08 2.7991e+08  14.0%     - 1528s
     0     0 2.7991e+08    0 7134 2.4544e+08 2.7991e+08  14.0%     - 1608s
     0     0 2.7991e+08    0 7391 2.4544e+08 2.7991e+08  14.0%     - 1922s
     0     0 2.7991e+08    0 7391 2.4544e+08 2.7991e+08  14.0%     - 1924s
     0     0 2.7991e+08    0 7247 2.4544e+08 2.7991e+08  14.0%     - 1925s
     0     2 2.7991e+08    0 7247 2.4544e+08 2.7991e+08  14.0%     - 2312s
     1     4 2.7991e+08    1 6998 2.4544e+08 2.7991e+08  14.0%  3737 2371s
     3     6 2.7991e+08    2 5412 2.4544e+08 2.7991e+08  14.0% 52654 2456s
     5     9 2.7991e+08    3 5359 2.4544e+08 2.7991e+08  14.0% 49231 2702s
     8    14 2.7990e+08    4 5535 2.4544e+08 2.7991e+08  14.0% 79496 3112s

Cutting planes:
  MIR: 8
  Flow cover: 63
  RLT: 3187
  Relax-and-lift: 100

Explored 13 nodes (2359786 simplex iterations) in 3600.07 seconds (5919.68 work units)
Thread count was 20 (of 20 available processors)

Solution count 10: 2.45441e+08 2.45438e+08 2.45438e+08 ... 2.45359e+08

Time limit reached
Best objective 2.454405539784e+08, best bound 2.799066529422e+08, gap 14.0425%
